Component: ARM Compiler 5.05 update 2 (build 169) Tool: armlink [4d0f33]

==============================================================================

Section Cross References

    startup_stm32f10x_hd.o(RESET) refers to startup_stm32f10x_hd.o(STACK) for __initial_sp
    startup_stm32f10x_hd.o(RESET) refers to startup_stm32f10x_hd.o(.text) for Reset_Handler
    startup_stm32f10x_hd.o(RESET) refers to stm32f10x_it.o(i.NMI_Handler) for NMI_Handler
    startup_stm32f10x_hd.o(RESET) refers to stm32f10x_it.o(i.HardFault_Handler) for HardFault_Handler
    startup_stm32f10x_hd.o(RESET) refers to stm32f10x_it.o(i.MemManage_Handler) for MemManage_Handler
    startup_stm32f10x_hd.o(RESET) refers to stm32f10x_it.o(i.BusFault_Handler) for BusFault_Handler
    startup_stm32f10x_hd.o(RESET) refers to stm32f10x_it.o(i.UsageFault_Handler) for UsageFault_Handler
    startup_stm32f10x_hd.o(RESET) refers to stm32f10x_it.o(i.SVC_Handler) for SVC_Handler
    startup_stm32f10x_hd.o(RESET) refers to stm32f10x_it.o(i.DebugMon_Handler) for DebugMon_Handler
    startup_stm32f10x_hd.o(RESET) refers to stm32f10x_it.o(i.PendSV_Handler) for PendSV_Handler
    startup_stm32f10x_hd.o(RESET) refers to stm32f10x_it.o(i.SysTick_Handler) for SysTick_Handler
    startup_stm32f10x_hd.o(RESET) refers to stm32f10x_it.o(i.TIM6_IRQHandler) for TIM6_IRQHandler
    startup_stm32f10x_hd.o(.text) refers to system_stm32f10x.o(i.SystemInit) for SystemInit
    startup_stm32f10x_hd.o(.text) refers to entry.o(.ARM.Collect$$$$00000000) for __main
    system_stm32f10x.o(i.SetSysClock) refers to system_stm32f10x.o(i.SetSysClockTo72) for SetSysClockTo72
    system_stm32f10x.o(i.SystemCoreClockUpdate) refers to system_stm32f10x.o(.data) for SystemCoreClock
    system_stm32f10x.o(i.SystemInit) refers to system_stm32f10x.o(i.SetSysClock) for SetSysClock
    stm32f10x_adc.o(i.ADC_DeInit) refers to stm32f10x_rcc.o(i.RCC_APB2PeriphResetCmd) for RCC_APB2PeriphResetCmd
    stm32f10x_bkp.o(i.BKP_DeInit) refers to stm32f10x_rcc.o(i.RCC_BackupResetCmd) for RCC_BackupResetCmd
    stm32f10x_can.o(i.CAN_DeInit) refers to stm32f10x_rcc.o(i.RCC_APB1PeriphResetCmd) for RCC_APB1PeriphResetCmd
    stm32f10x_can.o(i.CAN_GetITStatus) refers to stm32f10x_can.o(i.CheckITStatus) for CheckITStatus
    stm32f10x_cec.o(i.CEC_DeInit) refers to stm32f10x_rcc.o(i.RCC_APB1PeriphResetCmd) for RCC_APB1PeriphResetCmd
    stm32f10x_dac.o(i.DAC_DeInit) refers to stm32f10x_rcc.o(i.RCC_APB1PeriphResetCmd) for RCC_APB1PeriphResetCmd
    stm32f10x_flash.o(i.FLASH_EnableWriteProtection) refers to stm32f10x_flash.o(i.FLASH_WaitForLastOperation) for FLASH_WaitForLastOperation
    stm32f10x_flash.o(i.FLASH_EraseAllBank1Pages) refers to stm32f10x_flash.o(i.FLASH_WaitForLastBank1Operation) for FLASH_WaitForLastBank1Operation
    stm32f10x_flash.o(i.FLASH_EraseAllPages) refers to stm32f10x_flash.o(i.FLASH_WaitForLastOperation) for FLASH_WaitForLastOperation
    stm32f10x_flash.o(i.FLASH_EraseOptionBytes) refers to stm32f10x_flash.o(i.FLASH_GetReadOutProtectionStatus) for FLASH_GetReadOutProtectionStatus
    stm32f10x_flash.o(i.FLASH_EraseOptionBytes) refers to stm32f10x_flash.o(i.FLASH_WaitForLastOperation) for FLASH_WaitForLastOperation
    stm32f10x_flash.o(i.FLASH_ErasePage) refers to stm32f10x_flash.o(i.FLASH_WaitForLastOperation) for FLASH_WaitForLastOperation
    stm32f10x_flash.o(i.FLASH_ProgramHalfWord) refers to stm32f10x_flash.o(i.FLASH_WaitForLastOperation) for FLASH_WaitForLastOperation
    stm32f10x_flash.o(i.FLASH_ProgramOptionByteData) refers to stm32f10x_flash.o(i.FLASH_WaitForLastOperation) for FLASH_WaitForLastOperation
    stm32f10x_flash.o(i.FLASH_ProgramWord) refers to stm32f10x_flash.o(i.FLASH_WaitForLastOperation) for FLASH_WaitForLastOperation
    stm32f10x_flash.o(i.FLASH_ReadOutProtection) refers to stm32f10x_flash.o(i.FLASH_WaitForLastOperation) for FLASH_WaitForLastOperation
    stm32f10x_flash.o(i.FLASH_UserOptionByteConfig) refers to stm32f10x_flash.o(i.FLASH_WaitForLastOperation) for FLASH_WaitForLastOperation
    stm32f10x_flash.o(i.FLASH_WaitForLastBank1Operation) refers to stm32f10x_flash.o(i.FLASH_GetBank1Status) for FLASH_GetBank1Status
    stm32f10x_flash.o(i.FLASH_WaitForLastOperation) refers to stm32f10x_flash.o(i.FLASH_GetBank1Status) for FLASH_GetBank1Status
    stm32f10x_gpio.o(i.GPIO_AFIODeInit) refers to stm32f10x_rcc.o(i.RCC_APB2PeriphResetCmd) for RCC_APB2PeriphResetCmd
    stm32f10x_gpio.o(i.GPIO_DeInit) refers to stm32f10x_rcc.o(i.RCC_APB2PeriphResetCmd) for RCC_APB2PeriphResetCmd
    stm32f10x_i2c.o(i.I2C_DeInit) refers to stm32f10x_rcc.o(i.RCC_APB1PeriphResetCmd) for RCC_APB1PeriphResetCmd
    stm32f10x_i2c.o(i.I2C_Init) refers to stm32f10x_rcc.o(i.RCC_GetClocksFreq) for RCC_GetClocksFreq
    stm32f10x_pwr.o(i.PWR_DeInit) refers to stm32f10x_rcc.o(i.RCC_APB1PeriphResetCmd) for RCC_APB1PeriphResetCmd
    stm32f10x_rcc.o(i.RCC_GetClocksFreq) refers to stm32f10x_rcc.o(.data) for APBAHBPrescTable
[...]
    ../clib/microlib/longlong.c              0x00000000   Number         0  llshl.o ABSOLUTE
    ../clib/microlib/longlong.c              0x00000000   Number         0  llushr.o ABSOLUTE
    ../clib/microlib/malloc/malloc.c         0x00000000   Number         0  malloca.o ABSOLUTE
    ../clib/microlib/malloc/malloc.c         0x00000000   Number         0  mallocra.o ABSOLUTE
    ../clib/microlib/malloc/malloc.c         0x00000000   Number         0  mallocr.o ABSOLUTE
    ../clib/microlib/malloc/malloc.c         0x00000000   Number         0  malloc.o ABSOLUTE
    ../clib/microlib/malloc/mvars.c          0x00000000   Number         0  mvars.o ABSOLUTE
    ../clib/microlib/printf/printf.c         0x00000000   Number         0  printf7.o ABSOLUTE
    ../clib/microlib/printf/printf.c         0x00000000   Number         0  printf1.o ABSOLUTE
    ../clib/microlib/printf/printf.c         0x00000000   Number         0  printf0.o ABSOLUTE
    ../clib/microlib/printf/printf.c         0x00000000   Number         0  printfb.o ABSOLUTE
    ../clib/microlib/printf/printf.c         0x00000000   Number         0  printf6.o ABSOLUTE
    ../clib/microlib/printf/printf.c         0x00000000   Number         0  printf5.o ABSOLUTE
    ../clib/microlib/printf/printf.c         0x00000000   Number         0  printf4.o ABSOLUTE
    ../clib/microlib/printf/printf.c         0x00000000   Number         0  printf3.o ABSOLUTE
    ../clib/microlib/printf/printf.c         0x00000000   Number         0  printf2.o ABSOLUTE
    ../clib/microlib/printf/printf.c         0x00000000   Number         0  printfa.o ABSOLUTE
    ../clib/microlib/printf/printf.c         0x00000000   Number         0  printf8.o ABSOLUTE
    ../clib/microlib/printf/stubs.s          0x00000000   Number         0  stubs.o ABSOLUTE
    ../clib/microlib/stdio/streams.c         0x00000000   Number         0  stdout.o ABSOLUTE
    ../clib/microlib/stdlib/rand.c           0x00000000   Number         0  rand.o ABSOLUTE
    ../clib/microlib/string/memcpy.c         0x00000000   Number         0  memcpyb.o ABSOLUTE
    ../clib/microlib/string/memcpy.c         0x00000000   Number         0  memcpya.o ABSOLUTE
    ../clib/microlib/string/memset.c         0x00000000   Number         0  memseta.o ABSOLUTE
    ../clib/microlib/string/strlen.c         0x00000000   Number         0  strlen.o ABSOLUTE
    ../clib/microlib/stubs.s                 0x00000000   Number         0  iusefp.o ABSOLUTE
    ../fplib/microlib/d2f.c                  0x00000000   Number         0  d2f.o ABSOLUTE
    ../fplib/microlib/f2d.c                  0x00000000   Number         0  f2d.o ABSOLUTE
    ../fplib/microlib/fpadd.c                0x00000000   Number         0  fadd.o ABSOLUTE
    ../fplib/microlib/fpadd.c                0x00000000   Number         0  dadd.o ABSOLUTE
    ../fplib/microlib/fpdiv.c                0x00000000   Number         0  fdiv.o ABSOLUTE
    ../fplib/microlib/fpdiv.c                0x00000000   Number         0  ddiv.o ABSOLUTE
    ../fplib/microlib/fpepilogue.c           0x00000000   Number         0  fepilogue.o ABSOLUTE
    ../fplib/microlib/fpepilogue.c           0x00000000   Number         0  depilogue.o ABSOLUTE
    ../fplib/microlib/fpfix.c                0x00000000   Number         0  dfixui.o ABSOLUTE
    ../fplib/microlib/fpfix.c                0x00000000   Number         0  ffixui.o ABSOLUTE
    ../fplib/microlib/fpfix.c                0x00000000   Number         0  dfixul.o ABSOLUTE
    ../fplib/microlib/fpfix.c                0x00000000   Number         0  ffixi.o ABSOLUTE
    ../fplib/microlib/fpflt.c                0x00000000   Number         0  dfltui.o ABSOLUTE
    ../fplib/microlib/fpflt.c                0x00000000   Number         0  fflti.o ABSOLUTE
    ../fplib/microlib/fpmul.c                0x00000000   Number         0  dmul.o ABSOLUTE
    ../fplib/microlib/fpmul.c                0x00000000   Number         0  fmul.o ABSOLUTE
    ..\..\Libraries\CMSIS\core_cm3.c         0x00000000   Number         0  core_cm3.o ABSOLUTE
    ..\..\Libraries\CMSIS\startup\startup_stm32f10x_hd.s 0x00000000   Number         0  startup_stm32f10x_hd.o ABSOLUTE
    ..\..\Libraries\CMSIS\system_stm32f10x.c 0x00000000   Number         0  system_stm32f10x.o ABSOLUTE
    ..\..\Libraries\FWlib\src\misc.c         0x00000000   Number         0  misc.o ABSOLUTE
    ..\..\Libraries\FWlib\src\stm32f10x_adc.c 0x00000000   Number         0  stm32f10x_adc.o ABSOLUTE
    ..\..\Libraries\FWlib\src\stm32f10x_bkp.c 0x00000000   Number         0  stm32f10x_bkp.o ABSOLUTE
    ..\..\Libraries\FWlib\src\stm32f10x_can.c 0x00000000   Number         0  stm32f10x_can.o ABSOLUTE
    ..\..\Libraries\FWlib\src\stm32f10x_cec.c 0x00000000   Number         0  stm32f10x_cec.o ABSOLUTE
    ..\..\Libraries\FWlib\src\stm32f10x_crc.c 0x00000000   Number         0  stm32f10x_crc.o ABSOLUTE
    ..\..\Libraries\FWlib\src\stm32f10x_dac.c 0x00000000   Number         0  stm32f10x_dac.o ABSOLUTE
    ..\..\Libraries\FWlib\src\stm32f10x_dbgmcu.c 0x00000000   Number         0  stm32f10x_dbgmcu.o ABSOLUTE
    ..\..\Libraries\FWlib\src\stm32f10x_dma.c 0x00000000   Number         0  stm32f10x_dma.o ABSOLUTE
    ..\..\Libraries\FWlib\src\stm32f10x_exti.c 0x00000000   Number         0  stm32f10x_exti.o ABSOLUTE
    ..\..\Libraries\FWlib\src\stm32f10x_flash.c 0x00000000   Number         0  stm32f10x_flash.o ABSOLUTE
    ..\..\Libraries\FWlib\src\stm32f10x_fsmc.c 0x00000000   Number         0  stm32f10x_fsmc.o ABSOLUTE
    ..\..\Libraries\FWlib\src\stm32f10x_gpio.c 0x00000000   Number         0  stm32f10x_gpio.o ABSOLUTE
    ..\..\Libraries\FWlib\src\stm32f10x_i2c.c 0x00000000   Number         0  stm32f10x_i2c.o ABSOLUTE
    ..\..\Libraries\FWlib\src\stm32f10x_iwdg.c 0x00000000   Number         0  stm32f10x_iwdg.o ABSOLUTE
    ..\..\Libraries\FWlib\src\stm32f10x_pwr.c 0x00000000   Number         0  stm32f10x_pwr.o ABSOLUTE
    ..\..\Libraries\FWlib\src\stm32f10x_rcc.c 0x00000000   Number         0  stm32f10x_rcc.o ABSOLUTE
    ..\..\Libraries\FWlib\src\stm32f10x_rtc.c 0x00000000   Number         0  stm32f10x_rtc.o ABSOLUTE
    ..\..\Libraries\FWlib\src\stm32f10x_sdio.c 0x00000000   Number         0  stm32f10x_sdio.o ABSOLUTE
    ..\..\Libraries\FWlib\src\stm32f10x_spi.c 0x00000000   Number         0  stm32f10x_spi.o ABSOLUTE
    ..\..\Libraries\FWlib\src\stm32f10x_tim.c 0x00000000   Number         0  stm32f10x_tim.o ABSOLUTE
    ..\..\Libraries\FWlib\src\stm32f10x_usart.c 0x00000000   Number         0  stm32f10x_usart.o ABSOLUTE
    ..\..\Libraries\FWlib\src\stm32f10x_wwdg.c 0x00000000   Number         0  stm32f10x_wwdg.o ABSOLUTE
    ..\..\User\Key\bsp_key.c                 0x00000000   Number         0  bsp_key.o ABSOLUTE
    ..\..\User\Lcd\bsp_ili9341_lcd.c         0x00000000   Number         0  bsp_ili9341_lcd.o ABSOLUTE
    ..\..\User\TimBase\bsp_TiMbase.c         0x00000000   Number         0  bsp_timbase.o ABSOLUTE
    ..\..\User\adc\bsp_adc.c                 0x00000000   Number         0  bsp_adc.o ABSOLUTE
    ..\..\User\flash\bsp_spi_flash.c         0x00000000   Number         0  bsp_spi_flash.o ABSOLUTE
    ..\..\User\font\fonts.c                  0x00000000   Number         0  fonts.o ABSOLUTE
    ..\..\User\lcd\bsp_xpt2046_lcd.c         0x00000000   Number         0  bsp_xpt2046_lcd.o ABSOLUTE
    ..\..\User\led\bsp_led.c                 0x00000000   Number         0  bsp_led.o ABSOLUTE
    ..\..\User\main.c                        0x00000000   Number         0  main.o ABSOLUTE
    ..\..\User\palette.c                     0x00000000   Number         0  palette.o ABSOLUTE
    ..\..\User\stm32f10x_it.c                0x00000000   Number         0  stm32f10x_it.o ABSOLUTE
    ..\..\User\usart\bsp_usart.c             0x00000000   Number         0  bsp_usart.o ABSOLUTE
    ..\\..\\Libraries\\CMSIS\\core_cm3.c     0x00000000   Number         0  core_cm3.o ABSOLUTE
    cdrcmple.s                               0x00000000   Number         0  cdrcmple.o ABSOLUTE
    cfcmple.s                                0x00000000   Number         0  cfcmple.o ABSOLUTE
    dc.s                                     0x00000000   Number         0  dc.o ABSOLUTE
    handlers.s                               0x00000000   Number         0  handlers.o ABSOLUTE
    init.s                                   0x00000000   Number         0  init.o ABSOLUTE
    RESET                                    0x08000000   Section      304  startup_stm32f10x_hd.o(RESET)
    .ARM.Collect$$$$00000000                 0x08000130   Section        0  entry.o(.ARM.Collect$$$$00000000)
    .ARM.Collect$$$$00000001                 0x08000130   Section        4  entry2.o(.ARM.Collect$$$$00000001)
    .ARM.Collect$$$$00000004                 0x08000134   Section        4  entry5.o(.ARM.Collect$$$$00000004)
    .ARM.Collect$$$$00000008                 0x08000138   Section        0  entry7b.o(.ARM.Collect$$$$00000008)
    .ARM.Collect$$$$0000000A                 0x08000138   Section        0  entry8b.o(.ARM.Collect$$$$0000000A)
    .ARM.Collect$$$$0000000B                 0x08000138   Section        8  entry9a.o(.ARM.Collect$$$$0000000B)
    .ARM.Collect$$$$0000000D                 0x08000140   Section        0  entry10a.o(.ARM.Collect$$$$0000000D)
    .ARM.Collect$$$$0000000F                 0x08000140   Section        0  entry11a.o(.ARM.Collect$$$$0000000F)
    .ARM.Collect$$$$00002712                 0x08000140   Section        4  entry2.o(.ARM.Collect$$$$00002712)
    __lit__00000000                          0x08000140   Data           4  entry2.o(.ARM.Collect$$$$00002712)
    .text                                    0x08000144   Section       36  startup_stm32f10x_hd.o(.text)
    .text                                    0x08000168   Section        0  rand.o(.text)
    .text                                    0x0800018c   Section        0  memseta.o(.text)
    .text                                    0x080001b0   Section        0  strlen.o(.text)
    .text                                    0x080001be   Section        0  fadd.o(.text)
    .text                                    0x0800026e   Section        0  fmul.o(.text)
    .text                                    0x080002d2   Section        0  fdiv.o(.text)
    .text                                    0x0800034e   Section        0  dadd.o(.text)
    .text                                    0x0800049c   Section        0  dmul.o(.text)
    .text                                    0x08000580   Section        0  ddiv.o(.text)
    .text                                    0x0800065e   Section        0  fflti.o(.text)
    .text                                    0x08000670   Section        0  dfltui.o(.text)
    .text                                    0x0800068a   Section        0  ffixi.o(.text)
    .text                                    0x080006bc   Section        0  ffixui.o(.text)
    .text                                    0x080006e4   Section        0  dfixui.o(.text)
    .text                                    0x08000716   Section        0  f2d.o(.text)
    .text                                    0x0800073c   Section        0  d2f.o(.text)
    .text                                    0x08000774   Section       20  cfcmple.o(.text)
    .text                                    0x08000788   Section        0  uidiv.o(.text)
    .text                                    0x080007b4   Section        0  llshl.o(.text)
    .text                                    0x080007d2   Section        0  llushr.o(.text)
    .text                                    0x080007f2   Section        0  llsshr.o(.text)
    .text                                    0x08000816   Section        0  iusefp.o(.text)
    .text                                    0x08000816   Section        0  fepilogue.o(.text)
    .text                                    0x08000884   Section        0  depilogue.o(.text)
    .text                                    0x08000940   Section       36  init.o(.text)
    .text                                    0x08000964   Section        0  __dczerorl2.o(.text)
    i.ADC_Cmd                                0x080009ba   Section        0  stm32f10x_adc.o(i.ADC_Cmd)
    i.ADC_DMACmd                             0x080009d0   Section        0  stm32f10x_adc.o(i.ADC_DMACmd)
    i.ADC_GetCalibrationStatus               0x080009e6   Section        0  stm32f10x_adc.o(i.ADC_GetCalibrationStatus)
    i.ADC_GetResetCalibrationStatus          0x080009fa   Section        0  stm32f10x_adc.o(i.ADC_GetResetCalibrationStatus)
    i.ADC_Init                               0x08000a10   Section        0  stm32f10x_adc.o(i.ADC_Init)
    i.ADC_RegularChannelConfig               0x08000a60   Section        0  stm32f10x_adc.o(i.ADC_RegularChannelConfig)
    i.ADC_ResetCalibration                   0x08000b18   Section        0  stm32f10x_adc.o(i.ADC_ResetCalibration)
    i.ADC_SoftwareStartConvCmd               0x08000b22   Section        0  stm32f10x_adc.o(i.ADC_SoftwareStartConvCmd)
    i.ADC_StartCalibration                   0x08000b38   Section        0  stm32f10x_adc.o(i.ADC_StartCalibration)
    i.ADCx_GPIO_Config                       0x08000b44   Section        0  bsp_adc.o(i.ADCx_GPIO_Config)
    ADCx_GPIO_Config                         0x08000b45   Thumb Code    32  bsp_adc.o(i.ADCx_GPIO_Config)
    i.ADCx_Init                              0x08000b68   Section        0  bsp_adc.o(i.ADCx_Init)
    i.ADCx_Mode_Config                       0x08000b74   Section        0  bsp_adc.o(i.ADCx_Mode_Config)
    ADCx_Mode_Config                         0x08000b75   Thumb Code   226  bsp_adc.o(i.ADCx_Mode_Config)
    i.BASIC_TIM_Init                         0x08000c64   Section        0  bsp_timbase.o(i.BASIC_TIM_Init)
    i.BASIC_TIM_Mode_Config                  0x08000c70   Section        0  bsp_timbase.o(i.BASIC_TIM_Mode_Config)
    BASIC_TIM_Mode_Config                    0x08000c71   Thumb Code    60  bsp_timbase.o(i.BASIC_TIM_Mode_Config)
    i.BASIC_TIM_NVIC_Config                  0x08000cb0   Section        0  bsp_timbase.o(i.BASIC_TIM_NVIC_Config)
    BASIC_TIM_NVIC_Config                    0x08000cb1   Thumb Code    40  bsp_timbase.o(i.BASIC_TIM_NVIC_Config)
    i.BallDraw                               0x08000cd8   Section        0  palette.o(i.BallDraw)
    i.BallInit                               0x08000d30   Section        0  palette.o(i.BallInit)
    i.BallMove                               0x08000d68   Section        0  palette.o(i.BallMove)
    i.BoardDraw                              0x08001440   Section        0  palette.o(i.BoardDraw)
    i.BoardInit                              0x080014a4   Section        0  palette.o(i.BoardInit)
    i.BoardMove                              0x080014cc   Section        0  palette.o(i.BoardMove)
    i.BusFault_Handler                       0x0800167c   Section        0  stm32f10x_it.o(i.BusFault_Handler)
    i.Calibrate_or_Get_TouchParaWithFlash    0x08001680   Section        0  bsp_xpt2046_lcd.o(i.Calibrate_or_Get_TouchParaWithFlash)
    i.Command_Change_Mode                    0x0800170c   Section        0  palette.o(i.Command_Change_Mode)
    Command_Change_Mode                      0x0800170d   Thumb Code    18  palette.o(i.Command_Change_Mode)
    i.Command_Control_Direction              0x08001724   Section        0  palette.o(i.Command_Control_Direction)
    Command_Control_Direction                0x08001725   Thumb Code    68  palette.o(i.Command_Control_Direction)
    i.DMA_Cmd                                0x0800176c   Section        0  stm32f10x_dma.o(i.DMA_Cmd)
    i.DMA_DeInit                             0x08001784   Section        0  stm32f10x_dma.o(i.DMA_DeInit)
    i.DMA_Init                               0x080018d0   Section        0  stm32f10x_dma.o(i.DMA_Init)
    i.DebugMon_Handler                       0x0800190c   Section        0  stm32f10x_it.o(i.DebugMon_Handler)
    i.DelBlock                               0x08001910   Section        0  palette.o(i.DelBlock)
    i.Delay                                  0x08001948   Section        0  palette.o(i.Delay)
    i.DrawBlock                              0x0800195c   Section        0  palette.o(i.DrawBlock)
    i.Draw_Direction_Button                  0x080019b8   Section        0  palette.o(i.Draw_Direction_Button)
    Draw_Direction_Button                    0x080019b9   Thumb Code   426  palette.o(i.Draw_Direction_Button)
    i.Draw_Mode_Button                       0x08001b78   Section        0  palette.o(i.Draw_Mode_Button)
    Draw_Mode_Button                         0x08001b79   Thumb Code   282  palette.o(i.Draw_Mode_Button)
    i.FSMC_NORSRAMCmd                        0x08001cac   Section        0  stm32f10x_fsmc.o(i.FSMC_NORSRAMCmd)
    i.FSMC_NORSRAMInit                       0x08001ce0   Section        0  stm32f10x_fsmc.o(i.FSMC_NORSRAMInit)
    i.GPIO_Init                              0x08001dc6   Section        0  stm32f10x_gpio.o(i.GPIO_Init)
    i.GPIO_ReadInputDataBit                  0x08001edc   Section        0  stm32f10x_gpio.o(i.GPIO_ReadInputDataBit)
    i.GPIO_ResetBits                         0x08001eee   Section        0  stm32f10x_gpio.o(i.GPIO_ResetBits)
    i.GPIO_SetBits                           0x08001ef2   Section        0  stm32f10x_gpio.o(i.GPIO_SetBits)
    i.GenBlock                               0x08001ef8   Section        0  palette.o(i.GenBlock)
    i.GenWall                                0x08001f2c   Section        0  palette.o(i.GenWall)
    i.GetGBKCode_from_EXFlash                0x08001fa4   Section        0  fonts.o(i.GetGBKCode_from_EXFlash)
    i.HardFault_Handler                      0x08001ff8   Section        0  stm32f10x_it.o(i.HardFault_Handler)
    i.ILI9341_BackLed_Control                0x08001ffc   Section        0  bsp_ili9341_lcd.o(i.ILI9341_BackLed_Control)
    i.ILI9341_Clear                          0x08002020   Section        0  bsp_ili9341_lcd.o(i.ILI9341_Clear)
    i.ILI9341_Delay                          0x0800204c   Section        0  bsp_ili9341_lcd.o(i.ILI9341_Delay)
    ILI9341_Delay                            0x0800204d   Thumb Code    18  bsp_ili9341_lcd.o(i.ILI9341_Delay)
    i.ILI9341_DispChar_CH                    0x08002060   Section        0  bsp_ili9341_lcd.o(i.ILI9341_DispChar_CH)
    i.ILI9341_DispChar_EN                    0x080020e4   Section        0  bsp_ili9341_lcd.o(i.ILI9341_DispChar_EN)
    i.ILI9341_DispStringLine_EN              0x0800217c   Section        0  bsp_ili9341_lcd.o(i.ILI9341_DispStringLine_EN)
    i.ILI9341_DispString_EN_CH               0x080021e4   Section        0  bsp_ili9341_lcd.o(i.ILI9341_DispString_EN_CH)
    i.ILI9341_DrawCircle                     0x08002298   Section        0  bsp_ili9341_lcd.o(i.ILI9341_DrawCircle)
    i.ILI9341_DrawCross                      0x080023d0   Section        0  bsp_xpt2046_lcd.o(i.ILI9341_DrawCross)
    ILI9341_DrawCross                        0x080023d1   Thumb Code    44  bsp_xpt2046_lcd.o(i.ILI9341_DrawCross)
    i.ILI9341_DrawLine                       0x080023fc   Section        0  bsp_ili9341_lcd.o(i.ILI9341_DrawLine)
    i.ILI9341_DrawRectangle                  0x0800249c   Section        0  bsp_ili9341_lcd.o(i.ILI9341_DrawRectangle)
    i.ILI9341_FSMC_Config                    0x08002524   Section        0  bsp_ili9341_lcd.o(i.ILI9341_FSMC_Config)
    ILI9341_FSMC_Config                      0x08002525   Thumb Code    94  bsp_ili9341_lcd.o(i.ILI9341_FSMC_Config)
    i.ILI9341_FillColor                      0x08002582   Section        0  bsp_ili9341_lcd.o(i.ILI9341_FillColor)
    ILI9341_FillColor                        0x08002583   Thumb Code    32  bsp_ili9341_lcd.o(i.ILI9341_FillColor)
    i.ILI9341_GPIO_Config                    0x080025a4   Section        0  bsp_ili9341_lcd.o(i.ILI9341_GPIO_Config)
    ILI9341_GPIO_Config                      0x080025a5   Thumb Code   398  bsp_ili9341_lcd.o(i.ILI9341_GPIO_Config)
    i.ILI9341_GramScan                       0x0800273c   Section        0  bsp_ili9341_lcd.o(i.ILI9341_GramScan)
    i.ILI9341_Init                           0x080027f4   Section        0  bsp_ili9341_lcd.o(i.ILI9341_Init)
    i.ILI9341_OpenWindow                     0x0800281c   Section        0  bsp_ili9341_lcd.o(i.ILI9341_OpenWindow)
    i.ILI9341_REG_Config                     0x0800287c   Section        0  bsp_ili9341_lcd.o(i.ILI9341_REG_Config)
    ILI9341_REG_Config                       0x0800287d   Thumb Code   556  bsp_ili9341_lcd.o(i.ILI9341_REG_Config)
    i.ILI9341_Rst                            0x08002aac   Section        0  bsp_ili9341_lcd.o(i.ILI9341_Rst)
    i.ILI9341_SetCursor                      0x08002ad4   Section        0  bsp_ili9341_lcd.o(i.ILI9341_SetCursor)
    ILI9341_SetCursor                        0x08002ad5   Thumb Code    20  bsp_ili9341_lcd.o(i.ILI9341_SetCursor)
    i.ILI9341_SetPointPixel                  0x08002ae8   Section        0  bsp_ili9341_lcd.o(i.ILI9341_SetPointPixel)
    i.ILI9341_Write_Cmd                      0x08002b20   Section        0  bsp_ili9341_lcd.o(i.ILI9341_Write_Cmd)
    i.ILI9341_Write_Data                     0x08002b28   Section        0  bsp_ili9341_lcd.o(i.ILI9341_Write_Data)
    i.Key_GPIO_Config                        0x08002b34   Section        0  bsp_key.o(i.Key_GPIO_Config)
    i.Key_Scan                               0x08002b74   Section        0  bsp_key.o(i.Key_Scan)
    i.LCD_GetFont                            0x08002b9c   Section        0  bsp_ili9341_lcd.o(i.LCD_GetFont)
    i.LCD_SetBackColor                       0x08002ba8   Section        0  bsp_ili9341_lcd.o(i.LCD_SetBackColor)
    i.LCD_SetColors                          0x08002bb4   Section        0  bsp_ili9341_lcd.o(i.LCD_SetColors)
    i.LCD_SetFont                            0x08002bc8   Section        0  bsp_ili9341_lcd.o(i.LCD_SetFont)
    i.LCD_SetTextColor                       0x08002bd4   Section        0  bsp_ili9341_lcd.o(i.LCD_SetTextColor)
    i.LED_GPIO_Config                        0x08002be0   Section        0  bsp_led.o(i.LED_GPIO_Config)
    i.MemManage_Handler                      0x08002c40   Section        0  stm32f10x_it.o(i.MemManage_Handler)
    i.NMI_Handler                            0x08002c44   Section        0  stm32f10x_it.o(i.NMI_Handler)
    i.NVIC_Init                              0x08002c48   Section        0  misc.o(i.NVIC_Init)
    i.NVIC_PriorityGroupConfig               0x08002cb8   Section        0  misc.o(i.NVIC_PriorityGroupConfig)
    i.Palette_Init                           0x08002ccc   Section        0  palette.o(i.Palette_Init)
    i.Palette_Init1                          0x08002d70   Section        0  palette.o(i.Palette_Init1)
    i.PendSV_Handler                         0x08002df8   Section        0  stm32f10x_it.o(i.PendSV_Handler)
    i.Play                                   0x08002dfc   Section        0  palette.o(i.Play)
    i.RCC_ADCCLKConfig                       0x08002e28   Section        0  stm32f10x_rcc.o(i.RCC_ADCCLKConfig)
    i.RCC_AHBPeriphClockCmd                  0x08002e40   Section        0  stm32f10x_rcc.o(i.RCC_AHBPeriphClockCmd)
    i.RCC_APB1PeriphClockCmd                 0x08002e60   Section        0  stm32f10x_rcc.o(i.RCC_APB1PeriphClockCmd)
    i.RCC_APB2PeriphClockCmd                 0x08002e80   Section        0  stm32f10x_rcc.o(i.RCC_APB2PeriphClockCmd)
    i.SPI_Cmd                                0x08002ea0   Section        0  stm32f10x_spi.o(i.SPI_Cmd)
    i.SPI_FLASH_BufferRead                   0x08002eb8   Section        0  bsp_spi_flash.o(i.SPI_FLASH_BufferRead)
    i.SPI_FLASH_BufferWrite                  0x08002f08   Section        0  bsp_spi_flash.o(i.SPI_FLASH_BufferWrite)
    i.SPI_FLASH_Init                         0x0800302c   Section        0  bsp_spi_flash.o(i.SPI_FLASH_Init)
    i.SPI_FLASH_PageWrite                    0x080030ec   Section        0  bsp_spi_flash.o(i.SPI_FLASH_PageWrite)
    i.SPI_FLASH_SectorErase                  0x08003188   Section        0  bsp_spi_flash.o(i.SPI_FLASH_SectorErase)
    i.SPI_FLASH_SendByte                     0x080031cc   Section        0  bsp_spi_flash.o(i.SPI_FLASH_SendByte)
    i.SPI_FLASH_WaitForWriteEnd              0x08003244   Section        0  bsp_spi_flash.o(i.SPI_FLASH_WaitForWriteEnd)
    i.SPI_FLASH_WriteEnable                  0x08003278   Section        0  bsp_spi_flash.o(i.SPI_FLASH_WriteEnable)
    i.SPI_I2S_GetFlagStatus                  0x08003298   Section        0  stm32f10x_spi.o(i.SPI_I2S_GetFlagStatus)
    i.SPI_I2S_ReceiveData                    0x080032aa   Section        0  stm32f10x_spi.o(i.SPI_I2S_ReceiveData)
    i.SPI_I2S_SendData                       0x080032b0   Section        0  stm32f10x_spi.o(i.SPI_I2S_SendData)
    i.SPI_Init                               0x080032b4   Section        0  stm32f10x_spi.o(i.SPI_Init)
    i.SPI_TIMEOUT_UserCallback               0x080032f0   Section        0  bsp_spi_flash.o(i.SPI_TIMEOUT_UserCallback)
    SPI_TIMEOUT_UserCallback                 0x080032f1   Thumb Code    16  bsp_spi_flash.o(i.SPI_TIMEOUT_UserCallback)
    i.SVC_Handler                            0x08003330   Section        0  stm32f10x_it.o(i.SVC_Handler)
    i.SetSysClock                            0x08003332   Section        0  system_stm32f10x.o(i.SetSysClock)
    SetSysClock                              0x08003333   Thumb Code     8  system_stm32f10x.o(i.SetSysClock)
    i.SetSysClockTo72                        0x0800333c   Section        0  system_stm32f10x.o(i.SetSysClockTo72)
    SetSysClockTo72                          0x0800333d   Thumb Code   214  system_stm32f10x.o(i.SetSysClockTo72)
    i.Snake_Init                             0x0800341c   Section        0  palette.o(i.Snake_Init)
    i.Square_Init                            0x080034a0   Section        0  palette.o(i.Square_Init)
    i.SysTick_Handler                        0x08003518   Section        0  stm32f10x_it.o(i.SysTick_Handler)
    i.SystemInit                             0x0800351c   Section        0  system_stm32f10x.o(i.SystemInit)
    i.TIM6_IRQHandler                        0x0800357c   Section        0  stm32f10x_it.o(i.TIM6_IRQHandler)
    i.TIM_ClearFlag                          0x0800359c   Section        0  stm32f10x_tim.o(i.TIM_ClearFlag)
    i.TIM_ClearITPendingBit                  0x080035a2   Section        0  stm32f10x_tim.o(i.TIM_ClearITPendingBit)
    i.TIM_Cmd                                0x080035a8   Section        0  stm32f10x_tim.o(i.TIM_Cmd)
    i.TIM_GetITStatus                        0x080035c0   Section        0  stm32f10x_tim.o(i.TIM_GetITStatus)
    i.TIM_ITConfig                           0x080035e2   Section        0  stm32f10x_tim.o(i.TIM_ITConfig)
    i.TIM_TimeBaseInit                       0x080035f4   Section        0  stm32f10x_tim.o(i.TIM_TimeBaseInit)
    i.Touch_Button_Down                      0x08003698   Section        0  palette.o(i.Touch_Button_Down)
    i.Touch_Button_Init                      0x08003750   Section        0  palette.o(i.Touch_Button_Init)
    i.Touch_Button_Up                        0x08003838   Section        0  palette.o(i.Touch_Button_Up)
    i.USART_GetFlagStatus                    0x080038c8   Section        0  stm32f10x_usart.o(i.USART_GetFlagStatus)
    i.USART_SendData                         0x080038e2   Section        0  stm32f10x_usart.o(i.USART_SendData)
    i.UsageFault_Handler                     0x080038ea   Section        0  stm32f10x_it.o(i.UsageFault_Handler)
    i.XPT2046_Calculate_CalibrationFactor    0x080038ee   Section        0  bsp_xpt2046_lcd.o(i.XPT2046_Calculate_CalibrationFactor)
    XPT2046_Calculate_CalibrationFactor      0x080038ef   Thumb Code   478  bsp_xpt2046_lcd.o(i.XPT2046_Calculate_CalibrationFactor)
    i.XPT2046_DelayUS                        0x08003acc   Section        0  bsp_xpt2046_lcd.o(i.XPT2046_DelayUS)
    XPT2046_DelayUS                          0x08003acd   Thumb Code    30  bsp_xpt2046_lcd.o(i.XPT2046_DelayUS)
    i.XPT2046_Get_TouchedPoint               0x08003aec   Section        0  bsp_xpt2046_lcd.o(i.XPT2046_Get_TouchedPoint)
    i.XPT2046_Init                           0x08003bd8   Section        0  bsp_xpt2046_lcd.o(i.XPT2046_Init)
    i.XPT2046_ReadAdc                        0x08003c68   Section        0  bsp_xpt2046_lcd.o(i.XPT2046_ReadAdc)
    XPT2046_ReadAdc                          0x08003c69   Thumb Code    16  bsp_xpt2046_lcd.o(i.XPT2046_ReadAdc)
    i.XPT2046_ReadAdc_Smooth_XY              0x08003c78   Section        0  bsp_xpt2046_lcd.o(i.XPT2046_ReadAdc_Smooth_XY)
    XPT2046_ReadAdc_Smooth_XY                0x08003c79   Thumb Code   336  bsp_xpt2046_lcd.o(i.XPT2046_ReadAdc_Smooth_XY)
    i.XPT2046_ReadAdc_XY                     0x08003dd0   Section        0  bsp_xpt2046_lcd.o(i.XPT2046_ReadAdc_XY)
    XPT2046_ReadAdc_XY                       0x08003dd1   Thumb Code    38  bsp_xpt2046_lcd.o(i.XPT2046_ReadAdc_XY)
    i.XPT2046_ReadCMD                        0x08003df8   Section        0  bsp_xpt2046_lcd.o(i.XPT2046_ReadCMD)
    XPT2046_ReadCMD                          0x08003df9   Thumb Code    74  bsp_xpt2046_lcd.o(i.XPT2046_ReadCMD)
    i.XPT2046_TouchDetect                    0x08003e48   Section        0  bsp_xpt2046_lcd.o(i.XPT2046_TouchDetect)
    i.XPT2046_TouchDown                      0x08003ef8   Section        0  bsp_xpt2046_lcd.o(i.XPT2046_TouchDown)
    i.XPT2046_TouchEvenHandler               0x08003f20   Section        0  bsp_xpt2046_lcd.o(i.XPT2046_TouchEvenHandler)
    i.XPT2046_TouchUp                        0x08003f8c   Section        0  bsp_xpt2046_lcd.o(i.XPT2046_TouchUp)
    i.XPT2046_Touch_Calibrate                0x08003fb4   Section        0  bsp_xpt2046_lcd.o(i.XPT2046_Touch_Calibrate)
    i.XPT2046_WriteCMD                       0x080044a8   Section        0  bsp_xpt2046_lcd.o(i.XPT2046_WriteCMD)
    XPT2046_WriteCMD                         0x080044a9   Thumb Code    94  bsp_xpt2046_lcd.o(i.XPT2046_WriteCMD)
    i.__0printf$6                            0x0800450c   Section        0  printf6.o(i.__0printf$6)
    i.__0sprintf$6                           0x0800452c   Section        0  printf6.o(i.__0sprintf$6)
    i.__scatterload_copy                     0x08004554   Section       14  handlers.o(i.__scatterload_copy)
    i.__scatterload_null                     0x08004562   Section        2  handlers.o(i.__scatterload_null)
    i.__scatterload_zeroinit                 0x08004564   Section       14  handlers.o(i.__scatterload_zeroinit)
    i._printf_core                           0x08004574   Section        0  printf6.o(i._printf_core)
    _printf_core                             0x08004575   Thumb Code   748  printf6.o(i._printf_core)
    i._printf_post_padding                   0x08004864   Section        0  printf6.o(i._printf_post_padding)
    _printf_post_padding                     0x08004865   Thumb Code    36  printf6.o(i._printf_post_padding)
    i._printf_pre_padding                    0x08004888   Section        0  printf6.o(i._printf_pre_padding)
    _printf_pre_padding                      0x08004889   Thumb Code    46  printf6.o(i._printf_pre_padding)
    i._sputc                                 0x080048b6   Section        0  printf6.o(i._sputc)
    _sputc                                   0x080048b7   Thumb Code    10  printf6.o(i._sputc)
    i.creatFood                              0x080048c0   Section        0  palette.o(i.creatFood)
    i.fputc                                  0x0800495c   Section        0  bsp_usart.o(i.fputc)
    i.free                                   0x08004980   Section        0  malloc.o(i.free)
    i.judgeAlive                             0x080049d0   Section        0  palette.o(i.judgeAlive)
    i.main                                   0x08004a34   Section        0  main.o(i.main)
    i.malloc                                 0x08004af0   Section        0  malloc.o(i.malloc)
    i.snakeMove                              0x08004b5c   Section        0  palette.o(i.snakeMove)
    .constdata                               0x08004dc0   Section    15200  fonts.o(.constdata)
    .data                                    0x20000000   Section        4  bsp_spi_flash.o(.data)
    SPITimeout                               0x20000000   Data           4  bsp_spi_flash.o(.data)
    .data                                    0x20000004   Section       16  bsp_ili9341_lcd.o(.data)
    LCD_Currentfonts                         0x2000000c   Data           4  bsp_ili9341_lcd.o(.data)
    CurrentTextColor                         0x20000010   Data           2  bsp_ili9341_lcd.o(.data)
    CurrentBackColor                         0x20000012   Data           2  bsp_ili9341_lcd.o(.data)
    .data                                    0x20000014   Section      208  bsp_xpt2046_lcd.o(.data)
    touch_state                              0x200000d5   Data           1  bsp_xpt2046_lcd.o(.data)
    i                                        0x200000d8   Data           4  bsp_xpt2046_lcd.o(.data)
    cinfo                                    0x200000dc   Data           8  bsp_xpt2046_lcd.o(.data)
    .data                                    0x200000e4   Section       25  fonts.o(.data)
    everRead                                 0x200000fc   Data           1  fonts.o(.data)
    .data                                    0x20000100   Section       28  palette.o(.data)
    .data                                    0x2000011c   Section        2  bsp_adc.o(.data)
    .data                                    0x20000120   Section        4  rand.o(.data)
    _rand_state                              0x20000120   Data           4  rand.o(.data)
    .data                                    0x20000124   Section        4  stdout.o(.data)
    .data                                    0x20000128   Section        4  mvars.o(.data)
    .data                                    0x2000012c   Section        4  mvars.o(.data)
    .bss                                     0x20000130   Section     6520  palette.o(.bss)
    HEAP                                     0x20001aa8   Section     4096  startup_stm32f10x_hd.o(HEAP)
    STACK                                    0x20002aa8   Section     4096  startup_stm32f10x_hd.o(STACK)

    Global Symbols

    Symbol Name                              Value     Ov Type        Size  Object(Section)

    BuildAttributes$$THM_ISAv4$P$D$K$B$S$PE$A:L22UL41UL21$X:L11$S22US41US21$IEEE1$IW$USESV6$~STKCKD$USESV7$~SHL$OTIME$ROPI$EBA8$MICROLIB$REQ8$PRES8$EABIv2 0x00000000   Number         0  anon$$obj.o ABSOLUTE
    __ARM_use_no_argv                        0x00000000   Number         0  main.o ABSOLUTE
    _printf_a                                0x00000000   Number         0  stubs.o ABSOLUTE
    _printf_c                                0x00000000   Number         0  stubs.o ABSOLUTE
    _printf_charcount                        0x00000000   Number         0  stubs.o ABSOLUTE
    _printf_d                                0x00000000   Number         0  stubs.o ABSOLUTE
    _printf_e                                0x00000000   Number         0  stubs.o ABSOLUTE
    _printf_f                                0x00000000   Number         0  stubs.o ABSOLUTE
    _printf_flags                            0x00000000   Number         0  stubs.o ABSOLUTE
    _printf_fp_dec                           0x00000000   Number         0  stubs.o ABSOLUTE
    _printf_fp_hex                           0x00000000   Number         0  stubs.o ABSOLUTE
    _printf_g                                0x00000000   Number         0  stubs.o ABSOLUTE
    _printf_i                                0x00000000   Number         0  stubs.o ABSOLUTE
    _printf_int_dec                          0x00000000   Number         0  stubs.o ABSOLUTE
    _printf_l                                0x00000000   Number         0  stubs.o ABSOLUTE
    _printf_lc                               0x00000000   Number         0  stubs.o ABSOLUTE
    _printf_ll                               0x00000000   Number         0  stubs.o ABSOLUTE
    _printf_lld                              0x00000000   Number         0  stubs.o ABSOLUTE
    _printf_lli                              0x00000000   Number         0  stubs.o ABSOLUTE
    _printf_llo                              0x00000000   Number         0  stubs.o ABSOLUTE
    _printf_llu                              0x00000000   Number         0  stubs.o ABSOLUTE
    _printf_llx                              0x00000000   Number         0  stubs.o ABSOLUTE
    _printf_longlong_dec                     0x00000000   Number         0  stubs.o ABSOLUTE
    _printf_longlong_hex                     0x00000000   Number         0  stubs.o ABSOLUTE
    _printf_longlong_oct                     0x00000000   Number         0  stubs.o ABSOLUTE
    _printf_ls                               0x00000000   Number         0  stubs.o ABSOLUTE
    _printf_mbtowc                           0x00000000   Number         0  stubs.o ABSOLUTE
    _printf_n                                0x00000000   Number         0  stubs.o ABSOLUTE
    _printf_o                                0x00000000   Number         0  stubs.o ABSOLUTE
    _printf_p                                0x00000000   Number         0  stubs.o ABSOLUTE
    _printf_percent                          0x00000000   Number         0  stubs.o ABSOLUTE
    _printf_pre_padding                      0x00000000   Number         0  stubs.o ABSOLUTE
    _printf_return_value                     0x00000000   Number         0  stubs.o ABSOLUTE
    _printf_s                                0x00000000   Number         0  stubs.o ABSOLUTE
    _printf_sizespec                         0x00000000   Number         0  stubs.o ABSOLUTE
    _printf_str                              0x00000000   Number         0  stubs.o ABSOLUTE
    _printf_truncate_signed                  0x00000000   Number         0  stubs.o ABSOLUTE
    _printf_truncate_unsigned                0x00000000   Number         0  stubs.o ABSOLUTE
    _printf_u                                0x00000000   Number         0  stubs.o ABSOLUTE
    _printf_wc                               0x00000000   Number         0  stubs.o ABSOLUTE
    _printf_wctomb                           0x00000000   Number         0  stubs.o ABSOLUTE
    _printf_widthprec                        0x00000000   Number         0  stubs.o ABSOLUTE
    _printf_x                                0x00000000   Number         0  stubs.o ABSOLUTE
    __cpp_initialize__aeabi_                  - Undefined Weak Reference
    __cxa_finalize                            - Undefined Weak Reference
    _clock_init                               - Undefined Weak Reference
    _microlib_exit                            - Undefined Weak Reference
    __Vectors_Size                           0x00000130   Number         0  startup_stm32f10x_hd.o ABSOLUTE
    __Vectors                                0x08000000   Data           4  startup_stm32f10x_hd.o(RESET)
    __Vectors_End                            0x08000130   Data           0  startup_stm32f10x_hd.o(RESET)
    __main                                   0x08000131   Thumb Code     0  entry.o(.ARM.Collect$$$$00000000)
    _main_stk                                0x08000131   Thumb Code     0  entry2.o(.ARM.Collect$$$$00000001)
    _main_scatterload                        0x08000135   Thumb Code     0  entry5.o(.ARM.Collect$$$$00000004)
    __main_after_scatterload                 0x08000139   Thumb Code     0  entry5.o(.ARM.Collect$$$$00000004)
    _main_clock                              0x08000139   Thumb Code     0  entry7b.o(.ARM.Collect$$$$00000008)
    _main_cpp_init                           0x08000139   Thumb Code     0  entry8b.o(.ARM.Collect$$$$0000000A)
    _main_init                               0x08000139   Thumb Code     0  entry9a.o(.ARM.Collect$$$$0000000B)
    __rt_final_cpp                           0x08000141   Thumb Code     0  entry10a.o(.ARM.Collect$$$$0000000D)
    __rt_final_exit                          0x08000141   Thumb Code     0  entry11a.o(.ARM.Collect$$$$0000000F)
    Reset_Handler                            0x08000145   Thumb Code     8  startup_stm32f10x_hd.o(.text)
    ADC1_2_IRQHandler                        0x0800015f   Thumb Code     0  startup_stm32f10x_hd.o(.text)
    ADC3_IRQHandler                          0x0800015f   Thumb Code     0  startup_stm32f10x_hd.o(.text)
    CAN1_RX1_IRQHandler                      0x0800015f   Thumb Code     0  startup_stm32f10x_hd.o(.text)
    CAN1_SCE_IRQHandler                      0x0800015f   Thumb Code     0  startup_stm32f10x_hd.o(.text)
    DMA1_Channel1_IRQHandler                 0x0800015f   Thumb Code     0  startup_stm32f10x_hd.o(.text)
    DMA1_Channel2_IRQHandler                 0x0800015f   Thumb Code     0  startup_stm32f10x_hd.o(.text)
    DMA1_Channel3_IRQHandler                 0x0800015f   Thumb Code     0  startup_stm32f10x_hd.o(.text)
    DMA1_Channel4_IRQHandler                 0x0800015f   Thumb Code     0  startup_stm32f10x_hd.o(.text)
    DMA1_Channel5_IRQHandler                 0x0800015f   Thumb Code     0  startup_stm32f10x_hd.o(.text)
    DMA1_Channel6_IRQHandler                 0x0800015f   Thumb Code     0  startup_stm32f10x_hd.o(.text)
    DMA1_Channel7_IRQHandler                 0x0800015f   Thumb Code     0  startup_stm32f10x_hd.o(.text)
    DMA2_Channel1_IRQHandler                 0x0800015f   Thumb Code     0  startup_stm32f10x_hd.o(.text)
    DMA2_Channel2_IRQHandler                 0x0800015f   Thumb Code     0  startup_stm32f10x_hd.o(.text)
    DMA2_Channel3_IRQHandler                 0x0800015f   Thumb Code     0  startup_stm32f10x_hd.o(.text)
    DMA2_Channel4_5_IRQHandler               0x0800015f   Thumb Code     0  startup_stm32f10x_hd.o(.text)
    EXTI0_IRQHandler                         0x0800015f   Thumb Code     0  startup_stm32f10x_hd.o(.text)
    EXTI15_10_IRQHandler                     0x0800015f   Thumb Code     0  startup_stm32f10x_hd.o(.text)
    EXTI1_IRQHandler                         0x0800015f   Thumb Code     0  startup_stm32f10x_hd.o(.text)
    EXTI2_IRQHandler                         0x0800015f   Thumb Code     0  startup_stm32f10x_hd.o(.text)
    EXTI3_IRQHandler                         0x0800015f   Thumb Code     0  startup_stm32f10x_hd.o(.text)
    EXTI4_IRQHandler                         0x0800015f   Thumb Code     0  startup_stm32f10x_hd.o(.text)
    EXTI9_5_IRQHandler                       0x0800015f   Thumb Code     0  startup_stm32f10x_hd.o(.text)
    FLASH_IRQHandler                         0x0800015f   Thumb Code     0  startup_stm32f10x_hd.o(.text)
    FSMC_IRQHandler                          0x0800015f   Thumb Code     0  startup_stm32f10x_hd.o(.text)
    I2C1_ER_IRQHandler                       0x0800015f   Thumb Code     0  startup_stm32f10x_hd.o(.text)
    I2C1_EV_IRQHandler                       0x0800015f   Thumb Code     0  startup_stm32f10x_hd.o(.text)
    I2C2_ER_IRQHandler                       0x0800015f   Thumb Code     0  startup_stm32f10x_hd.o(.text)
    I2C2_EV_IRQHandler                       0x0800015f   Thumb Code     0  startup_stm32f10x_hd.o(.text)
    PVD_IRQHandler                           0x0800015f   Thumb Code     0  startup_stm32f10x_hd.o(.text)
    RCC_IRQHandler                           0x0800015f   Thumb Code     0  startup_stm32f10x_hd.o(.text)
    RTCAlarm_IRQHandler                      0x0800015f   Thumb Code     0  startup_stm32f10x_hd.o(.text)
    RTC_IRQHandler                           0x0800015f   Thumb Code     0  startup_stm32f10x_hd.o(.text)
    SDIO_IRQHandler                          0x0800015f   Thumb Code     0  startup_stm32f10x_hd.o(.text)
    SPI1_IRQHandler                          0x0800015f   Thumb Code     0  startup_stm32f10x_hd.o(.text)
    SPI2_IRQHandler                          0x0800015f   Thumb Code     0  startup_stm32f10x_hd.o(.text)
    SPI3_IRQHandler                          0x0800015f   Thumb Code     0  startup_stm32f10x_hd.o(.text)
    TAMPER_IRQHandler                        0x0800015f   Thumb Code     0  startup_stm32f10x_hd.o(.text)
    TIM1_BRK_IRQHandler                      0x0800015f   Thumb Code     0  startup_stm32f10x_hd.o(.text)
    TIM1_CC_IRQHandler                       0x0800015f   Thumb Code     0  startup_stm32f10x_hd.o(.text)
    TIM1_TRG_COM_IRQHandler                  0x0800015f   Thumb Code     0  startup_stm32f10x_hd.o(.text)
    TIM1_UP_IRQHandler                       0x0800015f   Thumb Code     0  startup_stm32f10x_hd.o(.text)
    TIM2_IRQHandler                          0x0800015f   Thumb Code     0  startup_stm32f10x_hd.o(.text)
    TIM3_IRQHandler                          0x0800015f   Thumb Code     0  startup_stm32f10x_hd.o(.text)
    TIM4_IRQHandler                          0x0800015f   Thumb Code     0  startup_stm32f10x_hd.o(.text)
    TIM5_IRQHandler                          0x0800015f   Thumb Code     0  startup_stm32f10x_hd.o(.text)
    TIM7_IRQHandler                          0x0800015f   Thumb Code     0  startup_stm32f10x_hd.o(.text)
    TIM8_BRK_IRQHandler                      0x0800015f   Thumb Code     0  startup_stm32f10x_hd.o(.text)
    TIM8_CC_IRQHandler                       0x0800015f   Thumb Code     0  startup_stm32f10x_hd.o(.text)
    TIM8_TRG_COM_IRQHandler                  0x0800015f   Thumb Code     0  startup_stm32f10x_hd.o(.text)
    TIM8_UP_IRQHandler                       0x0800015f   Thumb Code     0  startup_stm32f10x_hd.o(.text)
    UART4_IRQHandler                         0x0800015f   Thumb Code     0  startup_stm32f10x_hd.o(.text)
    UART5_IRQHandler                         0x0800015f   Thumb Code     0  startup_stm32f10x_hd.o(.text)
    USART1_IRQHandler                        0x0800015f   Thumb Code     0  startup_stm32f10x_hd.o(.text)
    USART2_IRQHandler                        0x0800015f   Thumb Code     0  startup_stm32f10x_hd.o(.text)
    USART3_IRQHandler                        0x0800015f   Thumb Code     0  startup_stm32f10x_hd.o(.text)
    USBWakeUp_IRQHandler                     0x0800015f   Thumb Code     0  startup_stm32f10x_hd.o(.text)
    USB_HP_CAN1_TX_IRQHandler                0x0800015f   Thumb Code     0  startup_stm32f10x_hd.o(.text)
    USB_LP_CAN1_RX0_IRQHandler               0x0800015f   Thumb Code     0  startup_stm32f10x_hd.o(.text)
    WWDG_IRQHandler                          0x0800015f   Thumb Code     0  startup_stm32f10x_hd.o(.text)
    rand                                     0x08000169   Thumb Code    20  rand.o(.text)
    srand                                    0x0800017d   Thumb Code     6  rand.o(.text)
    __aeabi_memset                           0x0800018d   Thumb Code    14  memseta.o(.text)
    __aeabi_memset4                          0x0800018d   Thumb Code     0  memseta.o(.text)
    __aeabi_memset8                          0x0800018d   Thumb Code     0  memseta.o(.text)
    __aeabi_memclr                           0x0800019b   Thumb Code     4  memseta.o(.text)
    __aeabi_memclr4                          0x0800019b   Thumb Code     0  memseta.o(.text)
    __aeabi_memclr8                          0x0800019b   Thumb Code     0  memseta.o(.text)
    _memset$wrapper                          0x0800019f   Thumb Code    18  memseta.o(.text)
    strlen                                   0x080001b1   Thumb Code    14  strlen.o(.text)
    __aeabi_fadd                             0x080001bf   Thumb Code   164  fadd.o(.text)
    __aeabi_fsub                             0x08000263   Thumb Code     6  fadd.o(.text)
    __aeabi_frsub                            0x08000269   Thumb Code     6  fadd.o(.text)
    __aeabi_fmul                             0x0800026f   Thumb Code   100  fmul.o(.text)
    __aeabi_fdiv                             0x080002d3   Thumb Code   124  fdiv.o(.text)
    __aeabi_dadd                             0x0800034f   Thumb Code   322  dadd.o(.text)
    __aeabi_dsub                             0x08000491   Thumb Code     6  dadd.o(.text)
    __aeabi_drsub                            0x08000497   Thumb Code     6  dadd.o(.text)
    __aeabi_dmul                             0x0800049d   Thumb Code   228  dmul.o(.text)
    __aeabi_ddiv                             0x08000581   Thumb Code   222  ddiv.o(.text)
    __aeabi_i2f                              0x0800065f   Thumb Code    18  fflti.o(.text)
    __aeabi_ui2d                             0x08000671   Thumb Code    26  dfltui.o(.text)
    __aeabi_f2iz                             0x0800068b   Thumb Code    50  ffixi.o(.text)
    __aeabi_f2uiz                            0x080006bd   Thumb Code    40  ffixui.o(.text)
    __aeabi_d2uiz                            0x080006e5   Thumb Code    50  dfixui.o(.text)
    __aeabi_f2d                              0x08000717   Thumb Code    38  f2d.o(.text)
    __aeabi_d2f                              0x0800073d   Thumb Code    56  d2f.o(.text)
    __aeabi_cfcmpeq                          0x08000775   Thumb Code     0  cfcmple.o(.text)
    __aeabi_cfcmple                          0x08000775   Thumb Code    20  cfcmple.o(.text)
    __aeabi_uidiv                            0x08000789   Thumb Code     0  uidiv.o(.text)
    __aeabi_uidivmod                         0x08000789   Thumb Code    44  uidiv.o(.text)
    __aeabi_llsl                             0x080007b5   Thumb Code    30  llshl.o(.text)
    _ll_shift_l                              0x080007b5   Thumb Code     0  llshl.o(.text)
    __aeabi_llsr                             0x080007d3   Thumb Code    32  llushr.o(.text)
    _ll_ushift_r                             0x080007d3   Thumb Code     0  llushr.o(.text)
    __aeabi_lasr                             0x080007f3   Thumb Code    36  llsshr.o(.text)
    _ll_sshift_r                             0x080007f3   Thumb Code     0  llsshr.o(.text)
    __I$use$fp                               0x08000817   Thumb Code     0  iusefp.o(.text)
    _float_round                             0x08000817   Thumb Code    18  fepilogue.o(.text)
    _float_epilogue                          0x08000829   Thumb Code    92  fepilogue.o(.text)
    _double_round                            0x08000885   Thumb Code    30  depilogue.o(.text)
    _double_epilogue                         0x080008a3   Thumb Code   156  depilogue.o(.text)
    __scatterload                            0x08000941   Thumb Code    28  init.o(.text)
    __scatterload_rt2                        0x08000941   Thumb Code     0  init.o(.text)
    __decompress                             0x08000965   Thumb Code     0  __dczerorl2.o(.text)
    __decompress1                            0x08000965   Thumb Code    86  __dczerorl2.o(.text)
    ADC_Cmd                                  0x080009bb   Thumb Code    22  stm32f10x_adc.o(i.ADC_Cmd)
    ADC_DMACmd                               0x080009d1   Thumb Code    22  stm32f10x_adc.o(i.ADC_DMACmd)
    ADC_GetCalibrationStatus                 0x080009e7   Thumb Code    20  stm32f10x_adc.o(i.ADC_GetCalibrationStatus)
    ADC_GetResetCalibrationStatus            0x080009fb   Thumb Code    20  stm32f10x_adc.o(i.ADC_GetResetCalibrationStatus)
    ADC_Init                                 0x08000a11   Thumb Code    70  stm32f10x_adc.o(i.ADC_Init)
    ADC_RegularChannelConfig                 0x08000a61   Thumb Code   184  stm32f10x_adc.o(i.ADC_RegularChannelConfig)
    ADC_ResetCalibration                     0x08000b19   Thumb Code    10  stm32f10x_adc.o(i.ADC_ResetCalibration)
    ADC_SoftwareStartConvCmd                 0x08000b23   Thumb Code    22  stm32f10x_adc.o(i.ADC_SoftwareStartConvCmd)
    ADC_StartCalibration                     0x08000b39   Thumb Code    10  stm32f10x_adc.o(i.ADC_StartCalibration)
    ADCx_Init                                0x08000b69   Thumb Code    12  bsp_adc.o(i.ADCx_Init)
    BASIC_TIM_Init                           0x08000c65   Thumb Code    12  bsp_timbase.o(i.BASIC_TIM_Init)
    BallDraw                                 0x08000cd9   Thumb Code    78  palette.o(i.BallDraw)
    BallInit                                 0x08000d31   Thumb Code    52  palette.o(i.BallInit)
    BallMove                                 0x08000d69   Thumb Code  1724  palette.o(i.BallMove)
    BoardDraw                                0x08001441   Thumb Code    90  palette.o(i.BoardDraw)
    BoardInit                                0x080014a5   Thumb Code    36  palette.o(i.BoardInit)
    BoardMove                                0x080014cd   Thumb Code   376  palette.o(i.BoardMove)
    BusFault_Handler                         0x0800167d   Thumb Code     4  stm32f10x_it.o(i.BusFault_Handler)
    Calibrate_or_Get_TouchParaWithFlash      0x08001681   Thumb Code   134  bsp_xpt2046_lcd.o(i.Calibrate_or_Get_TouchParaWithFlash)
    DMA_Cmd                                  0x0800176d   Thumb Code    24  stm32f10x_dma.o(i.DMA_Cmd)
    DMA_DeInit                               0x08001785   Thumb Code   324  stm32f10x_dma.o(i.DMA_DeInit)
    DMA_Init                                 0x080018d1   Thumb Code    60  stm32f10x_dma.o(i.DMA_Init)
    DebugMon_Handler                         0x0800190d   Thumb Code     2  stm32f10x_it.o(i.DebugMon_Handler)
    DelBlock                                 0x08001911   Thumb Code    52  palette.o(i.DelBlock)
    Delay                                    0x08001949   Thumb Code    18  palette.o(i.Delay)
    DrawBlock                                0x0800195d   Thumb Code    86  palette.o(i.DrawBlock)
    FSMC_NORSRAMCmd                          0x08001cad   Thumb Code    46  stm32f10x_fsmc.o(i.FSMC_NORSRAMCmd)
    FSMC_NORSRAMInit                         0x08001ce1   Thumb Code   230  stm32f10x_fsmc.o(i.FSMC_NORSRAMInit)
    GPIO_Init                                0x08001dc7   Thumb Code   278  stm32f10x_gpio.o(i.GPIO_Init)
    GPIO_ReadInputDataBit                    0x08001edd   Thumb Code    18  stm32f10x_gpio.o(i.GPIO_ReadInputDataBit)
    GPIO_ResetBits                           0x08001eef   Thumb Code     4  stm32f10x_gpio.o(i.GPIO_ResetBits)
    GPIO_SetBits                             0x08001ef3   Thumb Code     4  stm32f10x_gpio.o(i.GPIO_SetBits)
    GenBlock                                 0x08001ef9   Thumb Code    44  palette.o(i.GenBlock)
    GenWall                                  0x08001f2d   Thumb Code   112  palette.o(i.GenWall)
    GetGBKCode_from_EXFlash                  0x08001fa5   Thumb Code    74  fonts.o(i.GetGBKCode_from_EXFlash)
    HardFault_Handler                        0x08001ff9   Thumb Code     4  stm32f10x_it.o(i.HardFault_Handler)
    ILI9341_BackLed_Control                  0x08001ffd   Thumb Code    30  bsp_ili9341_lcd.o(i.ILI9341_BackLed_Control)
    ILI9341_Clear                            0x08002021   Thumb Code    40  bsp_ili9341_lcd.o(i.ILI9341_Clear)
    ILI9341_DispChar_CH                      0x08002061   Thumb Code   122  bsp_ili9341_lcd.o(i.ILI9341_DispChar_CH)
    ILI9341_DispChar_EN                      0x080020e5   Thumb Code   138  bsp_ili9341_lcd.o(i.ILI9341_DispChar_EN)
    ILI9341_DispStringLine_EN                0x0800217d   Thumb Code    92  bsp_ili9341_lcd.o(i.ILI9341_DispStringLine_EN)
    ILI9341_DispString_EN_CH                 0x080021e5   Thumb Code   168  bsp_ili9341_lcd.o(i.ILI9341_DispString_EN_CH)
    ILI9341_DrawCircle                       0x08002299   Thumb Code   312  bsp_ili9341_lcd.o(i.ILI9341_DrawCircle)
    ILI9341_DrawLine                         0x080023fd   Thumb Code   160  bsp_ili9341_lcd.o(i.ILI9341_DrawLine)
    ILI9341_DrawRectangle                    0x0800249d   Thumb Code   132  bsp_ili9341_lcd.o(i.ILI9341_DrawRectangle)
    ILI9341_GramScan                         0x0800273d   Thumb Code   172  bsp_ili9341_lcd.o(i.ILI9341_GramScan)
    ILI9341_Init                             0x080027f5   Thumb Code    34  bsp_ili9341_lcd.o(i.ILI9341_Init)
    ILI9341_OpenWindow                       0x0800281d   Thumb Code    96  bsp_ili9341_lcd.o(i.ILI9341_OpenWindow)
    ILI9341_Rst                              0x08002aad   Thumb Code    36  bsp_ili9341_lcd.o(i.ILI9341_Rst)
    ILI9341_SetPointPixel                    0x08002ae9   Thumb Code    42  bsp_ili9341_lcd.o(i.ILI9341_SetPointPixel)
    ILI9341_Write_Cmd                        0x08002b21   Thumb Code     8  bsp_ili9341_lcd.o(i.ILI9341_Write_Cmd)
    ILI9341_Write_Data                       0x08002b29   Thumb Code     6  bsp_ili9341_lcd.o(i.ILI9341_Write_Data)
    Key_GPIO_Config                          0x08002b35   Thumb Code    54  bsp_key.o(i.Key_GPIO_Config)
    Key_Scan                                 0x08002b75   Thumb Code    40  bsp_key.o(i.Key_Scan)
    LCD_GetFont                              0x08002b9d   Thumb Code     6  bsp_ili9341_lcd.o(i.LCD_GetFont)
    LCD_SetBackColor                         0x08002ba9   Thumb Code     6  bsp_ili9341_lcd.o(i.LCD_SetBackColor)
    LCD_SetColors                            0x08002bb5   Thumb Code    10  bsp_ili9341_lcd.o(i.LCD_SetColors)
    LCD_SetFont                              0x08002bc9   Thumb Code     6  bsp_ili9341_lcd.o(i.LCD_SetFont)
    LCD_SetTextColor                         0x08002bd5   Thumb Code     6  bsp_ili9341_lcd.o(i.LCD_SetTextColor)
    LED_GPIO_Config                          0x08002be1   Thumb Code    90  bsp_led.o(i.LED_GPIO_Config)
    MemManage_Handler                        0x08002c41   Thumb Code     4  stm32f10x_it.o(i.MemManage_Handler)
    NMI_Handler                              0x08002c45   Thumb Code     2  stm32f10x_it.o(i.NMI_Handler)
    NVIC_Init                                0x08002c49   Thumb Code   100  misc.o(i.NVIC_Init)
    NVIC_PriorityGroupConfig                 0x08002cb9   Thumb Code    10  misc.o(i.NVIC_PriorityGroupConfig)
    Palette_Init                             0x08002ccd   Thumb Code   140  palette.o(i.Palette_Init)
    Palette_Init1                            0x08002d71   Thumb Code   112  palette.o(i.Palette_Init1)
    PendSV_Handler                           0x08002df9   Thumb Code     2  stm32f10x_it.o(i.PendSV_Handler)
    Play                                     0x08002dfd   Thumb Code    38  palette.o(i.Play)
    RCC_ADCCLKConfig                         0x08002e29   Thumb Code    18  stm32f10x_rcc.o(i.RCC_ADCCLKConfig)
    RCC_AHBPeriphClockCmd                    0x08002e41   Thumb Code    26  stm32f10x_rcc.o(i.RCC_AHBPeriphClockCmd)
    RCC_APB1PeriphClockCmd                   0x08002e61   Thumb Code    26  stm32f10x_rcc.o(i.RCC_APB1PeriphClockCmd)
    RCC_APB2PeriphClockCmd                   0x08002e81   Thumb Code    26  stm32f10x_rcc.o(i.RCC_APB2PeriphClockCmd)
    SPI_Cmd                                  0x08002ea1   Thumb Code    24  stm32f10x_spi.o(i.SPI_Cmd)
    SPI_FLASH_BufferRead                     0x08002eb9   Thumb Code    76  bsp_spi_flash.o(i.SPI_FLASH_BufferRead)
    SPI_FLASH_BufferWrite                    0x08002f09   Thumb Code   290  bsp_spi_flash.o(i.SPI_FLASH_BufferWrite)
    SPI_FLASH_Init                           0x0800302d   Thumb Code   178  bsp_spi_flash.o(i.SPI_FLASH_Init)
    SPI_FLASH_PageWrite                      0x080030ed   Thumb Code    98  bsp_spi_flash.o(i.SPI_FLASH_PageWrite)
    SPI_FLASH_SectorErase                    0x08003189   Thumb Code    62  bsp_spi_flash.o(i.SPI_FLASH_SectorErase)
    SPI_FLASH_SendByte                       0x080031cd   Thumb Code   110  bsp_spi_flash.o(i.SPI_FLASH_SendByte)
    SPI_FLASH_WaitForWriteEnd                0x08003245   Thumb Code    46  bsp_spi_flash.o(i.SPI_FLASH_WaitForWriteEnd)
    SPI_FLASH_WriteEnable                    0x08003279   Thumb Code    26  bsp_spi_flash.o(i.SPI_FLASH_WriteEnable)
    SPI_I2S_GetFlagStatus                    0x08003299   Thumb Code    18  stm32f10x_spi.o(i.SPI_I2S_GetFlagStatus)
    SPI_I2S_ReceiveData                      0x080032ab   Thumb Code     6  stm32f10x_spi.o(i.SPI_I2S_ReceiveData)
    SPI_I2S_SendData                         0x080032b1   Thumb Code     4  stm32f10x_spi.o(i.SPI_I2S_SendData)
    SPI_Init                                 0x080032b5   Thumb Code    60  stm32f10x_spi.o(i.SPI_Init)
    SVC_Handler                              0x08003331   Thumb Code     2  stm32f10x_it.o(i.SVC_Handler)
    Snake_Init                               0x0800341d   Thumb Code   128  palette.o(i.Snake_Init)
    Square_Init                              0x080034a1   Thumb Code   106  palette.o(i.Square_Init)
    SysTick_Handler                          0x08003519   Thumb Code     2  stm32f10x_it.o(i.SysTick_Handler)
    SystemInit                               0x0800351d   Thumb Code    78  system_stm32f10x.o(i.SystemInit)
    TIM6_IRQHandler                          0x0800357d   Thumb Code    26  stm32f10x_it.o(i.TIM6_IRQHandler)
    TIM_ClearFlag                            0x0800359d   Thumb Code     6  stm32f10x_tim.o(i.TIM_ClearFlag)
    TIM_ClearITPendingBit                    0x080035a3   Thumb Code     6  stm32f10x_tim.o(i.TIM_ClearITPendingBit)
    TIM_Cmd                                  0x080035a9   Thumb Code    24  stm32f10x_tim.o(i.TIM_Cmd)
    TIM_GetITStatus                          0x080035c1   Thumb Code    34  stm32f10x_tim.o(i.TIM_GetITStatus)
    TIM_ITConfig                             0x080035e3   Thumb Code    18  stm32f10x_tim.o(i.TIM_ITConfig)
    TIM_TimeBaseInit                         0x080035f5   Thumb Code   122  stm32f10x_tim.o(i.TIM_TimeBaseInit)
    Touch_Button_Down                        0x08003699   Thumb Code   178  palette.o(i.Touch_Button_Down)
    Touch_Button_Init                        0x08003751   Thumb Code   210  palette.o(i.Touch_Button_Init)
    Touch_Button_Up                          0x08003839   Thumb Code   138  palette.o(i.Touch_Button_Up)
    USART_GetFlagStatus                      0x080038c9   Thumb Code    26  stm32f10x_usart.o(i.USART_GetFlagStatus)
    USART_SendData                           0x080038e3   Thumb Code     8  stm32f10x_usart.o(i.USART_SendData)
    UsageFault_Handler                       0x080038eb   Thumb Code     4  stm32f10x_it.o(i.UsageFault_Handler)
    XPT2046_Get_TouchedPoint                 0x08003aed   Thumb Code   232  bsp_xpt2046_lcd.o(i.XPT2046_Get_TouchedPoint)
    XPT2046_Init                             0x08003bd9   Thumb Code   134  bsp_xpt2046_lcd.o(i.XPT2046_Init)
    XPT2046_TouchDetect                      0x08003e49   Thumb Code   162  bsp_xpt2046_lcd.o(i.XPT2046_TouchDetect)
    XPT2046_TouchDown                        0x08003ef9   Thumb Code    38  bsp_xpt2046_lcd.o(i.XPT2046_TouchDown)
    XPT2046_TouchEvenHandler                 0x08003f21   Thumb Code    96  bsp_xpt2046_lcd.o(i.XPT2046_TouchEvenHandler)
    XPT2046_TouchUp                          0x08003f8d   Thumb Code    38  bsp_xpt2046_lcd.o(i.XPT2046_TouchUp)
    XPT2046_Touch_Calibrate                  0x08003fb5   Thumb Code  1242  bsp_xpt2046_lcd.o(i.XPT2046_Touch_Calibrate)
    __0printf$6                              0x0800450d   Thumb Code    22  printf6.o(i.__0printf$6)
    __1printf$6                              0x0800450d   Thumb Code     0  printf6.o(i.__0printf$6)
    __2printf                                0x0800450d   Thumb Code     0  printf6.o(i.__0printf$6)
    __0sprintf$6                             0x0800452d   Thumb Code    34  printf6.o(i.__0sprintf$6)
    __1sprintf$6                             0x0800452d   Thumb Code     0  printf6.o(i.__0sprintf$6)
    __2sprintf                               0x0800452d   Thumb Code     0  printf6.o(i.__0sprintf$6)
    __scatterload_copy                       0x08004555   Thumb Code    14  handlers.o(i.__scatterload_copy)
    __scatterload_null                       0x08004563   Thumb Code     2  handlers.o(i.__scatterload_null)
    __scatterload_zeroinit                   0x08004565   Thumb Code    14  handlers.o(i.__scatterload_zeroinit)
    creatFood                                0x080048c1   Thumb Code   144  palette.o(i.creatFood)
    fputc                                    0x0800495d   Thumb Code    32  bsp_usart.o(i.fputc)
    free                                     0x08004981   Thumb Code    76  malloc.o(i.free)
    judgeAlive                               0x080049d1   Thumb Code    92  palette.o(i.judgeAlive)
    main                                     0x08004a35   Thumb Code   134  main.o(i.main)
    malloc                                   0x08004af1   Thumb Code    92  malloc.o(i.malloc)
    snakeMove                                0x08004b5d   Thumb Code   532  palette.o(i.snakeMove)
    ASCII8x16_Table                          0x08004dc0   Data        1520  fonts.o(.constdata)
    ASCII16x24_Table                         0x080053b0   Data        4560  fonts.o(.constdata)
    ASCII24x32_Table                         0x08006580   Data        9120  fonts.o(.constdata)
    Region$$Table$$Base                      0x08008920   Number         0  anon$$obj.o(Region$$Table)
    Region$$Table$$Limit                     0x08008940   Number         0  anon$$obj.o(Region$$Table)
    LCD_X_LENGTH                             0x20000004   Data           2  bsp_ili9341_lcd.o(.data)
    LCD_Y_LENGTH                             0x20000006   Data           2  bsp_ili9341_lcd.o(.data)
    LCD_SCAN_MODE                            0x20000008   Data           1  bsp_ili9341_lcd.o(.data)
    strXPT2046_TouchPara                     0x20000014   Data         192  bsp_xpt2046_lcd.o(.data)
    ucXPT2046_TouchFlag                      0x200000d4   Data           1  bsp_xpt2046_lcd.o(.data)
    Font8x16                                 0x200000e4   Data           8  fonts.o(.data)
    Font16x24                                0x200000ec   Data           8  fonts.o(.data)
    Font24x32                                0x200000f4   Data           8  fonts.o(.data)
    blk                                      0x20000100   Data           4  palette.o(.data)
    row                                      0x20000104   Data           2  palette.o(.data)
    brd                                      0x20000108   Data           4  palette.o(.data)
    bal                                      0x2000010c   Data           4  palette.o(.data)
    head                                     0x20000110   Data           4  palette.o(.data)
    food1                                    0x20000114   Data           4  palette.o(.data)
    status                                   0x20000118   Data           1  palette.o(.data)
    score                                    0x20000119   Data           1  palette.o(.data)
    die                                      0x2000011a   Data           1  palette.o(.data)
    MODE                                     0x2000011b   Data           1  palette.o(.data)
    ADC_ConvertedValue                       0x2000011c   Data           2  bsp_adc.o(.data)
    __stdout                                 0x20000124   Data           4  stdout.o(.data)
    __microlib_freelist                      0x20000128   Data           4  mvars.o(.data)
    __microlib_freelist_initialised          0x2000012c   Data           4  mvars.o(.data)
    pixel                                    0x20000130   Data        6400  palette.o(.bss)
    button                                   0x20001a30   Data         120  palette.o(.bss)
    __heap_base                              0x20001aa8   Data           0  startup_stm32f10x_hd.o(HEAP)
    __heap_limit                             0x20002aa8   Data           0  startup_stm32f10x_hd.o(HEAP)
    __initial_sp                             0x20003aa8   Data           0  startup_stm32f10x_hd.o(STACK)



==============================================================================

Memory Map of the image

  Image Entry point : 0x08000131

  Load Region LR_IROM1 (Base: 0x08000000, Size: 0x00008a70, Max: 0x00080000, ABSOLUTE, COMPRESSED[0x00008a34])

    Execution Region ER_IROM1 (Base: 0x08000000, Size: 0x00008940, Max: 0x00080000, ABSOLUTE)

    Base Addr    Size         Type   Attr      Idx    E Section Name        Object

    0x08000000   0x00000130   Data   RO            3    RESET               startup_stm32f10x_hd.o
    0x08000130   0x00000000   Code   RO         3992  * .ARM.Collect$$$$00000000  mc_w.l(entry.o)
    0x08000130   0x00000004   Code   RO         4319    .ARM.Collect$$$$00000001  mc_w.l(entry2.o)
    0x08000134   0x00000004   Code   RO         4322    .ARM.Collect$$$$00000004  mc_w.l(entry5.o)
    0x08000138   0x00000000   Code   RO         4324    .ARM.Collect$$$$00000008  mc_w.l(entry7b.o)
    0x08000138   0x00000000   Code   RO         4326    .ARM.Collect$$$$0000000A  mc_w.l(entry8b.o)
    0x08000138   0x00000008   Code   RO         4327    .ARM.Collect$$$$0000000B  mc_w.l(entry9a.o)
    0x08000140   0x00000000   Code   RO         4329    .ARM.Collect$$$$0000000D  mc_w.l(entry10a.o)
    0x08000140   0x00000000   Code   RO         4331    .ARM.Collect$$$$0000000F  mc_w.l(entry11a.o)
    0x08000140   0x00000004   Code   RO         4320    .ARM.Collect$$$$00002712  mc_w.l(entry2.o)
    0x08000144   0x00000024   Code   RO            4    .text               startup_stm32f10x_hd.o
    0x08000168   0x00000024   Code   RO         3995    .text               mc_w.l(rand.o)
    0x0800018c   0x00000024   Code   RO         3998    .text               mc_w.l(memseta.o)
    0x080001b0   0x0000000e   Code   RO         4000    .text               mc_w.l(strlen.o)
    0x080001be   0x000000b0   Code   RO         4291    .text               mf_w.l(fadd.o)
    0x0800026e   0x00000064   Code   RO         4293    .text               mf_w.l(fmul.o)
    0x080002d2   0x0000007c   Code   RO         4295    .text               mf_w.l(fdiv.o)
    0x0800034e   0x0000014e   Code   RO         4297    .text               mf_w.l(dadd.o)
    0x0800049c   0x000000e4   Code   RO         4299    .text               mf_w.l(dmul.o)
    0x08000580   0x000000de   Code   RO         4301    .text               mf_w.l(ddiv.o)
    0x0800065e   0x00000012   Code   RO         4303    .text               mf_w.l(fflti.o)
    0x08000670   0x0000001a   Code   RO         4305    .text               mf_w.l(dfltui.o)
    0x0800068a   0x00000032   Code   RO         4307    .text               mf_w.l(ffixi.o)
    0x080006bc   0x00000028   Code   RO         4309    .text               mf_w.l(ffixui.o)
    0x080006e4   0x00000032   Code   RO         4311    .text               mf_w.l(dfixui.o)
    0x08000716   0x00000026   Code   RO         4313    .text               mf_w.l(f2d.o)
    0x0800073c   0x00000038   Code   RO         4315    .text               mf_w.l(d2f.o)
    0x08000774   0x00000014   Code   RO         4317    .text               mf_w.l(cfcmple.o)
    0x08000788   0x0000002c   Code   RO         4334    .text               mc_w.l(uidiv.o)
    0x080007b4   0x0000001e   Code   RO         4338    .text               mc_w.l(llshl.o)
    0x080007d2   0x00000020   Code   RO         4340    .text               mc_w.l(llushr.o)
    0x080007f2   0x00000024   Code   RO         4342    .text               mc_w.l(llsshr.o)
    0x08000816   0x00000000   Code   RO         4350    .text               mc_w.l(iusefp.o)
    0x08000816   0x0000006e   Code   RO         4351    .text               mf_w.l(fepilogue.o)
    0x08000884   0x000000ba   Code   RO         4353    .text               mf_w.l(depilogue.o)
    0x0800093e   0x00000002   PAD
    0x08000940   0x00000024   Code   RO         4359    .text               mc_w.l(init.o)
    0x08000964   0x00000056   Code   RO         4369    .text               mc_w.l(__dczerorl2.o)
    0x080009ba   0x00000016   Code   RO          183    i.ADC_Cmd           stm32f10x_adc.o
    0x080009d0   0x00000016   Code   RO          184    i.ADC_DMACmd        stm32f10x_adc.o
    0x080009e6   0x00000014   Code   RO          191    i.ADC_GetCalibrationStatus  stm32f10x_adc.o
    0x080009fa   0x00000014   Code   RO          197    i.ADC_GetResetCalibrationStatus  stm32f10x_adc.o
    0x08000a0e   0x00000002   PAD
    0x08000a10   0x00000050   Code   RO          201    i.ADC_Init          stm32f10x_adc.o
    0x08000a60   0x000000b8   Code   RO          205    i.ADC_RegularChannelConfig  stm32f10x_adc.o
    0x08000b18   0x0000000a   Code   RO          206    i.ADC_ResetCalibration  stm32f10x_adc.o
    0x08000b22   0x00000016   Code   RO          208    i.ADC_SoftwareStartConvCmd  stm32f10x_adc.o
    0x08000b38   0x0000000a   Code   RO          210    i.ADC_StartCalibration  stm32f10x_adc.o
    0x08000b42   0x00000002   PAD
    0x08000b44   0x00000024   Code   RO         3927    i.ADCx_GPIO_Config  bsp_adc.o
    0x08000b68   0x0000000c   Code   RO         3928    i.ADCx_Init         bsp_adc.o
    0x08000b74   0x000000f0   Code   RO         3929    i.ADCx_Mode_Config  bsp_adc.o
    0x08000c64   0x0000000c   Code   RO         3952    i.BASIC_TIM_Init    bsp_timbase.o
    0x08000c70   0x00000040   Code   RO         3953    i.BASIC_TIM_Mode_Config  bsp_timbase.o
    0x08000cb0   0x00000028   Code   RO         3954    i.BASIC_TIM_NVIC_Config  bsp_timbase.o
    0x08000cd8   0x00000058   Code   RO         3748    i.BallDraw          palette.o
    0x08000d30   0x00000038   Code   RO         3749    i.BallInit          palette.o
    0x08000d68   0x000006d8   Code   RO         3750    i.BallMove          palette.o
    0x08001440   0x00000064   Code   RO         3752    i.BoardDraw         palette.o
    0x080014a4   0x00000028   Code   RO         3753    i.BoardInit         palette.o
    0x080014cc   0x000001b0   Code   RO         3754    i.BoardMove         palette.o
    0x0800167c   0x00000004   Code   RO         3157    i.BusFault_Handler  stm32f10x_it.o
    0x08001680   0x0000008c   Code   RO         3629    i.Calibrate_or_Get_TouchParaWithFlash  bsp_xpt2046_lcd.o
    0x0800170c   0x00000018   Code   RO         3755    i.Command_Change_Mode  palette.o
    0x08001724   0x00000048   Code   RO         3756    i.Command_Control_Direction  palette.o
    0x0800176c   0x00000018   Code   RO         1096    i.DMA_Cmd           stm32f10x_dma.o
    0x08001784   0x0000014c   Code   RO         1097    i.DMA_DeInit        stm32f10x_dma.o
    0x080018d0   0x0000003c   Code   RO         1102    i.DMA_Init          stm32f10x_dma.o
    0x0800190c   0x00000002   Code   RO         3158    i.DebugMon_Handler  stm32f10x_it.o
    0x0800190e   0x00000002   PAD
    0x08001910   0x00000038   Code   RO         3757    i.DelBlock          palette.o
    0x08001948   0x00000012   Code   RO         3758    i.Delay             palette.o
    0x0800195a   0x00000002   PAD
    0x0800195c   0x0000005c   Code   RO         3759    i.DrawBlock         palette.o
    0x080019b8   0x000001c0   Code   RO         3760    i.Draw_Direction_Button  palette.o
    0x08001b78   0x00000134   Code   RO         3761    i.Draw_Mode_Button  palette.o
    0x08001cac   0x00000034   Code   RO         1177    i.FSMC_NORSRAMCmd   stm32f10x_fsmc.o
    0x08001ce0   0x000000e6   Code   RO         1179    i.FSMC_NORSRAMInit  stm32f10x_fsmc.o
    0x08001dc6   0x00000116   Code   RO         1292    i.GPIO_Init         stm32f10x_gpio.o
    0x08001edc   0x00000012   Code   RO         1296    i.GPIO_ReadInputDataBit  stm32f10x_gpio.o
    0x08001eee   0x00000004   Code   RO         1299    i.GPIO_ResetBits    stm32f10x_gpio.o
    0x08001ef2   0x00000004   Code   RO         1300    i.GPIO_SetBits      stm32f10x_gpio.o
    0x08001ef6   0x00000002   PAD
    0x08001ef8   0x00000034   Code   RO         3762    i.GenBlock          palette.o
    0x08001f2c   0x00000078   Code   RO         3763    i.GenWall           palette.o
    0x08001fa4   0x00000054   Code   RO         3729    i.GetGBKCode_from_EXFlash  fonts.o
    0x08001ff8   0x00000004   Code   RO         3159    i.HardFault_Handler  stm32f10x_it.o
    0x08001ffc   0x00000024   Code   RO         3371    i.ILI9341_BackLed_Control  bsp_ili9341_lcd.o
    0x08002020   0x0000002c   Code   RO         3372    i.ILI9341_Clear     bsp_ili9341_lcd.o
    0x0800204c   0x00000012   Code   RO         3373    i.ILI9341_Delay     bsp_ili9341_lcd.o
    0x0800205e   0x00000002   PAD
    0x08002060   0x00000084   Code   RO         3374    i.ILI9341_DispChar_CH  bsp_ili9341_lcd.o
    0x080020e4   0x00000098   Code   RO         3375    i.ILI9341_DispChar_EN  bsp_ili9341_lcd.o
    0x0800217c   0x00000068   Code   RO         3376    i.ILI9341_DispStringLine_EN  bsp_ili9341_lcd.o
    0x080021e4   0x000000b4   Code   RO         3380    i.ILI9341_DispString_EN_CH  bsp_ili9341_lcd.o
    0x08002298   0x00000138   Code   RO         3386    i.ILI9341_DrawCircle  bsp_ili9341_lcd.o
    0x080023d0   0x0000002c   Code   RO         3630    i.ILI9341_DrawCross  bsp_xpt2046_lcd.o
    0x080023fc   0x000000a0   Code   RO         3387    i.ILI9341_DrawLine  bsp_ili9341_lcd.o
    0x0800249c   0x00000088   Code   RO         3388    i.ILI9341_DrawRectangle  bsp_ili9341_lcd.o
    0x08002524   0x0000005e   Code   RO         3389    i.ILI9341_FSMC_Config  bsp_ili9341_lcd.o
    0x08002582   0x00000020   Code   RO         3390    i.ILI9341_FillColor  bsp_ili9341_lcd.o
    0x080025a2   0x00000002   PAD
    0x080025a4   0x00000198   Code   RO         3391    i.ILI9341_GPIO_Config  bsp_ili9341_lcd.o
    0x0800273c   0x000000b8   Code   RO         3393    i.ILI9341_GramScan  bsp_ili9341_lcd.o
    0x080027f4   0x00000028   Code   RO         3394    i.ILI9341_Init      bsp_ili9341_lcd.o
    0x0800281c   0x00000060   Code   RO         3395    i.ILI9341_OpenWindow  bsp_ili9341_lcd.o
    0x0800287c   0x00000230   Code   RO         3396    i.ILI9341_REG_Config  bsp_ili9341_lcd.o
    0x08002aac   0x00000028   Code   RO         3398    i.ILI9341_Rst       bsp_ili9341_lcd.o
    0x08002ad4   0x00000014   Code   RO         3399    i.ILI9341_SetCursor  bsp_ili9341_lcd.o
    0x08002ae8   0x00000038   Code   RO         3400    i.ILI9341_SetPointPixel  bsp_ili9341_lcd.o
    0x08002b20   0x00000008   Code   RO         3599    i.ILI9341_Write_Cmd  bsp_ili9341_lcd.o
    0x08002b28   0x0000000c   Code   RO         3604    i.ILI9341_Write_Data  bsp_ili9341_lcd.o
    0x08002b34   0x00000040   Code   RO         3974    i.Key_GPIO_Config   bsp_key.o
    0x08002b74   0x00000028   Code   RO         3975    i.Key_Scan          bsp_key.o
    0x08002b9c   0x0000000c   Code   RO         3404    i.LCD_GetFont       bsp_ili9341_lcd.o
    0x08002ba8   0x0000000c   Code   RO         3405    i.LCD_SetBackColor  bsp_ili9341_lcd.o
    0x08002bb4   0x00000014   Code   RO         3406    i.LCD_SetColors     bsp_ili9341_lcd.o
    0x08002bc8   0x0000000c   Code   RO         3407    i.LCD_SetFont       bsp_ili9341_lcd.o
    0x08002bd4   0x0000000c   Code   RO         3408    i.LCD_SetTextColor  bsp_ili9341_lcd.o
    0x08002be0   0x00000060   Code   RO         3250    i.LED_GPIO_Config   bsp_led.o
    0x08002c40   0x00000004   Code   RO         3160    i.MemManage_Handler  stm32f10x_it.o
    0x08002c44   0x00000002   Code   RO         3161    i.NMI_Handler       stm32f10x_it.o
    0x08002c46   0x00000002   PAD
    0x08002c48   0x00000070   Code   RO          137    i.NVIC_Init         misc.o
    0x08002cb8   0x00000014   Code   RO          138    i.NVIC_PriorityGroupConfig  misc.o
    0x08002ccc   0x000000a4   Code   RO         3764    i.Palette_Init      palette.o
    0x08002d70   0x00000088   Code   RO         3765    i.Palette_Init1     palette.o
    0x08002df8   0x00000002   Code   RO         3162    i.PendSV_Handler    stm32f10x_it.o
    0x08002dfa   0x00000002   PAD
    0x08002dfc   0x0000002c   Code   RO         3766    i.Play              palette.o
    0x08002e28   0x00000018   Code   RO         1706    i.RCC_ADCCLKConfig  stm32f10x_rcc.o
    0x08002e40   0x00000020   Code   RO         1707    i.RCC_AHBPeriphClockCmd  stm32f10x_rcc.o
    0x08002e60   0x00000020   Code   RO         1708    i.RCC_APB1PeriphClockCmd  stm32f10x_rcc.o
    0x08002e80   0x00000020   Code   RO         1710    i.RCC_APB2PeriphClockCmd  stm32f10x_rcc.o
    0x08002ea0   0x00000018   Code   RO         2187    i.SPI_Cmd           stm32f10x_spi.o
    0x08002eb8   0x00000050   Code   RO         3262    i.SPI_FLASH_BufferRead  bsp_spi_flash.o
    0x08002f08   0x00000122   Code   RO         3263    i.SPI_FLASH_BufferWrite  bsp_spi_flash.o
    0x0800302a   0x00000002   PAD
    0x0800302c   0x000000c0   Code   RO         3265    i.SPI_FLASH_Init    bsp_spi_flash.o
    0x080030ec   0x0000009c   Code   RO         3266    i.SPI_FLASH_PageWrite  bsp_spi_flash.o
    0x08003188   0x00000044   Code   RO         3270    i.SPI_FLASH_SectorErase  bsp_spi_flash.o
    0x080031cc   0x00000078   Code   RO         3271    i.SPI_FLASH_SendByte  bsp_spi_flash.o
    0x08003244   0x00000034   Code   RO         3274    i.SPI_FLASH_WaitForWriteEnd  bsp_spi_flash.o
    0x08003278   0x00000020   Code   RO         3275    i.SPI_FLASH_WriteEnable  bsp_spi_flash.o
    0x08003298   0x00000012   Code   RO         2195    i.SPI_I2S_GetFlagStatus  stm32f10x_spi.o
    0x080032aa   0x00000006   Code   RO         2198    i.SPI_I2S_ReceiveData  stm32f10x_spi.o
    0x080032b0   0x00000004   Code   RO         2199    i.SPI_I2S_SendData  stm32f10x_spi.o
    0x080032b4   0x0000003c   Code   RO         2200    i.SPI_Init          stm32f10x_spi.o
    0x080032f0   0x00000040   Code   RO         3278    i.SPI_TIMEOUT_UserCallback  bsp_spi_flash.o
    0x08003330   0x00000002   Code   RO         3163    i.SVC_Handler       stm32f10x_it.o
    0x08003332   0x00000008   Code   RO           24    i.SetSysClock       system_stm32f10x.o
    0x0800333a   0x00000002   PAD
    0x0800333c   0x000000e0   Code   RO           25    i.SetSysClockTo72   system_stm32f10x.o
    0x0800341c   0x00000084   Code   RO         3767    i.Snake_Init        palette.o
    0x080034a0   0x00000078   Code   RO         3768    i.Square_Init       palette.o
    0x08003518   0x00000002   Code   RO         3164    i.SysTick_Handler   stm32f10x_it.o
    0x0800351a   0x00000002   PAD
    0x0800351c   0x00000060   Code   RO           27    i.SystemInit        system_stm32f10x.o
    0x0800357c   0x00000020   Code   RO         3165    i.TIM6_IRQHandler   stm32f10x_it.o
    0x0800359c   0x00000006   Code   RO         2336    i.TIM_ClearFlag     stm32f10x_tim.o
    0x080035a2   0x00000006   Code   RO         2337    i.TIM_ClearITPendingBit  stm32f10x_tim.o
    0x080035a8   0x00000018   Code   RO         2342    i.TIM_Cmd           stm32f10x_tim.o
    0x080035c0   0x00000022   Code   RO         2363    i.TIM_GetITStatus   stm32f10x_tim.o
    0x080035e2   0x00000012   Code   RO         2367    i.TIM_ITConfig      stm32f10x_tim.o
    0x080035f4   0x000000a4   Code   RO         2413    i.TIM_TimeBaseInit  stm32f10x_tim.o
    0x08003698   0x000000b8   Code   RO         3769    i.Touch_Button_Down  palette.o
    0x08003750   0x000000e8   Code   RO         3770    i.Touch_Button_Init  palette.o
    0x08003838   0x00000090   Code   RO         3771    i.Touch_Button_Up   palette.o
    0x080038c8   0x0000001a   Code   RO         2881    i.USART_GetFlagStatus  stm32f10x_usart.o
    0x080038e2   0x00000008   Code   RO         2895    i.USART_SendData    stm32f10x_usart.o
    0x080038ea   0x00000004   Code   RO         3166    i.UsageFault_Handler  stm32f10x_it.o
    0x080038ee   0x000001de   Code   RO         3631    i.XPT2046_Calculate_CalibrationFactor  bsp_xpt2046_lcd.o
    0x08003acc   0x0000001e   Code   RO         3632    i.XPT2046_DelayUS   bsp_xpt2046_lcd.o
    0x08003aea   0x00000002   PAD
    0x08003aec   0x000000ec   Code   RO         3633    i.XPT2046_Get_TouchedPoint  bsp_xpt2046_lcd.o
    0x08003bd8   0x00000090   Code   RO         3634    i.XPT2046_Init      bsp_xpt2046_lcd.o
    0x08003c68   0x00000010   Code   RO         3635    i.XPT2046_ReadAdc   bsp_xpt2046_lcd.o
    0x08003c78   0x00000158   Code   RO         3636    i.XPT2046_ReadAdc_Smooth_XY  bsp_xpt2046_lcd.o
    0x08003dd0   0x00000026   Code   RO         3637    i.XPT2046_ReadAdc_XY  bsp_xpt2046_lcd.o
    0x08003df6   0x00000002   PAD
    0x08003df8   0x00000050   Code   RO         3638    i.XPT2046_ReadCMD   bsp_xpt2046_lcd.o
    0x08003e48   0x000000b0   Code   RO         3639    i.XPT2046_TouchDetect  bsp_xpt2046_lcd.o
    0x08003ef8   0x00000026   Code   RO         3640    i.XPT2046_TouchDown  bsp_xpt2046_lcd.o
    0x08003f1e   0x00000002   PAD
    0x08003f20   0x0000006c   Code   RO         3641    i.XPT2046_TouchEvenHandler  bsp_xpt2046_lcd.o
    0x08003f8c   0x00000026   Code   RO         3642    i.XPT2046_TouchUp   bsp_xpt2046_lcd.o
    0x08003fb2   0x00000002   PAD
    0x08003fb4   0x000004f4   Code   RO         3643    i.XPT2046_Touch_Calibrate  bsp_xpt2046_lcd.o
    0x080044a8   0x00000064   Code   RO         3644    i.XPT2046_WriteCMD  bsp_xpt2046_lcd.o
    0x0800450c   0x00000020   Code   RO         4157    i.__0printf$6       mc_w.l(printf6.o)
    0x0800452c   0x00000028   Code   RO         4159    i.__0sprintf$6      mc_w.l(printf6.o)
    0x08004554   0x0000000e   Code   RO         4363    i.__scatterload_copy  mc_w.l(handlers.o)
    0x08004562   0x00000002   Code   RO         4364    i.__scatterload_null  mc_w.l(handlers.o)
    0x08004564   0x0000000e   Code   RO         4365    i.__scatterload_zeroinit  mc_w.l(handlers.o)
    0x08004572   0x00000002   PAD
    0x08004574   0x000002f0   Code   RO         4164    i._printf_core      mc_w.l(printf6.o)
    0x08004864   0x00000024   Code   RO         4165    i._printf_post_padding  mc_w.l(printf6.o)
    0x08004888   0x0000002e   Code   RO         4166    i._printf_pre_padding  mc_w.l(printf6.o)
    0x080048b6   0x0000000a   Code   RO         4168    i._sputc            mc_w.l(printf6.o)
    0x080048c0   0x0000009c   Code   RO         3772    i.creatFood         palette.o
    0x0800495c   0x00000024   Code   RO         3228    i.fputc             bsp_usart.o
    0x08004980   0x00000050   Code   RO         4263    i.free              mc_w.l(malloc.o)
    0x080049d0   0x00000064   Code   RO         3773    i.judgeAlive        palette.o
    0x08004a34   0x000000bc   Code   RO         3108    i.main              main.o
    0x08004af0   0x0000006c   Code   RO         4264    i.malloc            mc_w.l(malloc.o)
    0x08004b5c   0x00000264   Code   RO         3774    i.snakeMove         palette.o
    0x08004dc0   0x00003b60   Data   RO         3730    .constdata          fonts.o
    0x08008920   0x00000020   Data   RO         4361    Region$$Table       anon$$obj.o


    Execution Region RW_IRAM1 (Base: 0x20000000, Size: 0x00003aa8, Max: 0x00010000, ABSOLUTE, COMPRESSED[0x000000f4])

    Base Addr    Size         Type   Attr      Idx    E Section Name        Object

    0x20000000   0x00000004   Data   RW         3279    .data               bsp_spi_flash.o
    0x20000004   0x00000010   Data   RW         3410    .data               bsp_ili9341_lcd.o
    0x20000014   0x000000d0   Data   RW         3645    .data               bsp_xpt2046_lcd.o
    0x200000e4   0x00000019   Data   RW         3731    .data               fonts.o
    0x200000fd   0x00000003   PAD
    0x20000100   0x0000001c   Data   RW         3776    .data               palette.o
    0x2000011c   0x00000002   Data   RW         3930    .data               bsp_adc.o
    0x2000011e   0x00000002   PAD
    0x20000120   0x00000004   Data   RW         3996    .data               mc_w.l(rand.o)
    0x20000124   0x00000004   Data   RW         4333    .data               mc_w.l(stdout.o)
    0x20000128   0x00000004   Data   RW         4348    .data               mc_w.l(mvars.o)
    0x2000012c   0x00000004   Data   RW         4349    .data               mc_w.l(mvars.o)
    0x20000130   0x00001978   Zero   RW         3775    .bss                palette.o
    0x20001aa8   0x00001000   Zero   RW            2    HEAP                startup_stm32f10x_hd.o
    0x20002aa8   0x00001000   Zero   RW            1    STACK               startup_stm32f10x_hd.o


==============================================================================

Image component sizes


      Code (inc. data)   RO Data    RW Data    ZI Data      Debug   Object Name

       288         18          0          2          0       2073   bsp_adc.o
      2892        152          0         16          0      17961   bsp_ili9341_lcd.o
       104         10          0          0          0       1377   bsp_key.o
        96          6          0          0          0        526   bsp_led.o
      1054        152          0          4          0       6211   bsp_spi_flash.o
       116          4          0          0          0       1449   bsp_timbase.o
        36          4          0          0          0        548   bsp_usart.o
      3278        196          0        208          0      13852   bsp_xpt2046_lcd.o
         0          0          0          0          0       4508   core_cm3.o
        84         10      15200         25          0       2179   fonts.o
       188         54          0          0          0       4046   main.o
       132         22          0          0          0       1531   misc.o
      5682        442          0         28       6520      16086   palette.o
        36          8        304          0       8192        860   startup_stm32f10x_hd.o
       390         10          0          0          0       7325   stm32f10x_adc.o
       416          8          0          0          0       3418   stm32f10x_dma.o
       282          6          0          0          0       1809   stm32f10x_fsmc.o
       304          0          0          0          0       3628   stm32f10x_gpio.o
        58          6          0          0          0       4316   stm32f10x_it.o
       120         24          0          0          0       2241   stm32f10x_rcc.o
       112          0          0          0          0       3802   stm32f10x_spi.o
       252         42          0          0          0       4070   stm32f10x_tim.o
        34          0          0          0          0       2583   stm32f10x_usart.o
       328         28          0          0          0     275361   system_stm32f10x.o

    ----------------------------------------------------------------------
     16314       1202      15536        288      14712     381760   Object Totals
         0          0         32          0          0          0   (incl. Generated)
        32          0          0          5          0          0   (incl. Padding)

    ----------------------------------------------------------------------

      Code (inc. data)   RO Data    RW Data    ZI Data      Debug   Library Member Name

        86          0          0          0          0          0   __dczerorl2.o
         0          0          0          0          0          0   entry.o
         0          0          0          0          0          0   entry10a.o
         0          0          0          0          0          0   entry11a.o
         8          4          0          0          0          0   entry2.o
         4          0          0          0          0          0   entry5.o
         0          0          0          0          0          0   entry7b.o
         0          0          0          0          0          0   entry8b.o
         8          4          0          0          0          0   entry9a.o
        30          0          0          0          0          0   handlers.o
        36          8          0          0          0         68   init.o
         0          0          0          0          0          0   iusefp.o
        30          0          0          0          0         68   llshl.o
        36          0          0          0          0         68   llsshr.o
        32          0          0          0          0         68   llushr.o
       188         20          0          0          0        160   malloc.o
        36          0          0          0          0        108   memseta.o
         0          0          0          8          0          0   mvars.o
       916         20          0          0          0        504   printf6.o
        36         10          0          4          0        136   rand.o
         0          0          0          4          0          0   stdout.o
        14          0          0          0          0         68   strlen.o
        44          0          0          0          0         80   uidiv.o
        20          0          0          0          0         68   cfcmple.o
        56          0          0          0          0         88   d2f.o
       334          0          0          0          0        148   dadd.o
       222          0          0          0          0        100   ddiv.o
       186          0          0          0          0        176   depilogue.o
        50          0          0          0          0         76   dfixui.o
        26          0          0          0          0         76   dfltui.o
       228          0          0          0          0         96   dmul.o
        38          0          0          0          0         68   f2d.o
       176          0          0          0          0        140   fadd.o
       124          0          0          0          0         88   fdiv.o
       110          0          0          0          0        168   fepilogue.o
        50          0          0          0          0         68   ffixi.o
        40          0          0          0          0         68   ffixui.o
        18          0          0          0          0         68   fflti.o
       100          0          0          0          0         76   fmul.o

    ----------------------------------------------------------------------
      3286         66          0         16          0       2900   Library Totals
         4          0          0          0          0          0   (incl. Padding)

    ----------------------------------------------------------------------

      Code (inc. data)   RO Data    RW Data    ZI Data      Debug   Library Name

      1504         66          0         16          0       1328   mc_w.l
      1778          0          0          0          0       1572   mf_w.l

    ----------------------------------------------------------------------
      3286         66          0         16          0       2900   Library Totals

    ----------------------------------------------------------------------

==============================================================================


      Code (inc. data)   RO Data    RW Data    ZI Data      Debug   

     19600       1268      15536        304      14712     376312   Grand Totals
     19600       1268      15536        244      14712     376312   ELF Image Totals (compressed)
     19600       1268      15536        244          0          0   ROM Totals

==============================================================================

    Total RO  Size (Code + RO Data)                35136 (  34.31kB)
    Total RW  Size (RW Data + ZI Data)             15016 (  14.66kB)
    Total ROM Size (Code + RO Data + RW Data)      35380 (  34.55kB)

==============================================================================

